================================================================================
STARTUP CONTRACT
================================================================================
spec_hash:              617b38051c728b667b870d357555672215d93552c816a07ffbb31f4f9945c51a
config_hash:            efdef540a5b3546457bf8232d23cc2a2e4b2b642ae94677d855afa1baa712762
computed_run_id64:      27c0f86592c59109
computed_run_id256:     0991c59265f8c0279f218094b1f2f54184a6b0bd8fde345b1deadb68608421b4
run_label:              ablation_exp029_weak_b1_no_reserved_from_exp023_to420_20260506
run_dir_name:           ablation_exp029_weak_b1_no_reserved_from_exp023_to420_20260506
spec_mismatch_policy:   hard_fail
================================================================================
Verified runtime spec bundle: compat=8590000130 sha256=617b38051c728b667b870d357555672215d93552c816a07ffbb31f4f9945c51a
Loaded stack config with 0 components
Wrote manifest: /root/wsrl-exp034-legacy/weiss_schwarz_rl/runs/ablation_exp029_weak_b1_no_reserved_from_exp023_to420_20260506/manifest.json
Structured profiling enabled: profile_timers=True torch_profiler=False structured_metrics_mode=sampled teacher_aux_mode=always fixed_opponent_backend=simulator_native
Resumed learner state: checkpoint=/root/wsrl-exp034-legacy/weiss_schwarz_rl/runs/transplant_exp023_to_exp029_weak_b1_20260506/best_transplant_exp029_weak_b1.pt update=220 policy_version=11
Imported promotion anchor: anchor=B1 NoLeague baseline policy_id=b1_noleague_baseline source_run_dir=/root/weiss_schwarz_rl/runs/exp-002-current-spec-b1-noleague-baseline
Imported seeded snapshot pool: count=11 source_run_dir=/root/weiss_schwarz_rl/runs/exp-023-early-b1-reserved-lane-ungated-tier1b
Traceback (most recent call last):
  File "/root/wsrl-exp034-legacy/weiss_schwarz_rl/python/scripts/train.py", line 4725, in <module>
    main()
  File "/root/wsrl-exp034-legacy/weiss_schwarz_rl/python/scripts/train.py", line 4691, in main
    metrics = _run_minimal_training(
              ^^^^^^^^^^^^^^^^^^^^^^
  File "/root/wsrl-exp034-legacy/weiss_schwarz_rl/python/scripts/train.py", line 4015, in _run_minimal_training
    runtime = QueueRuntime(
              ^^^^^^^^^^^^^
  File "/root/wsrl-exp034-legacy/weiss_schwarz_rl/python/weiss_rl/runtime.py", line 1712, in __init__
    raise ValueError("system.collection_backend=process is not supported for the current runtime setup")
ValueError: system.collection_backend=process is not supported for the current runtime setup
