================================================================================
STARTUP CONTRACT
================================================================================
spec_hash:              617b38051c728b667b870d357555672215d93552c816a07ffbb31f4f9945c51a
config_hash:            e28b1c442b433997faae570db8fd1eabaab942fca2c5dcd398e5802283a90f3e
computed_run_id64:      439f3a3958fd9642
computed_run_id256:     4296fd58393a9f43fffd3e2925fc817cd38d66302220475788a6377f5ca929f9
run_label:              ablation_exp029_weak_b1_override_probe_hash_20260506
run_dir_name:           ablation_exp029_weak_b1_override_probe_hash_20260506
spec_mismatch_policy:   hard_fail
================================================================================
Verified runtime spec bundle: compat=8590000130 sha256=617b38051c728b667b870d357555672215d93552c816a07ffbb31f4f9945c51a
Loaded stack config with 0 components
Wrote manifest: /root/wsrl-exp034-legacy/weiss_schwarz_rl/runs/ablation_exp029_weak_b1_override_probe_hash_20260506/manifest.json
Structured profiling enabled: profile_timers=True torch_profiler=False structured_metrics_mode=sampled teacher_aux_mode=always fixed_opponent_backend=simulator_native
Traceback (most recent call last):
  File "/root/wsrl-exp034-legacy/weiss_schwarz_rl/python/scripts/train.py", line 4725, in <module>
    main()
  File "/root/wsrl-exp034-legacy/weiss_schwarz_rl/python/scripts/train.py", line 4691, in main
    metrics = _run_minimal_training(
              ^^^^^^^^^^^^^^^^^^^^^^
  File "/root/wsrl-exp034-legacy/weiss_schwarz_rl/python/scripts/train.py", line 3970, in _run_minimal_training
    resume_state = _restore_learner_from_checkpoint(
                   ^^^^^^^^^^^^^^^^^^^^^^^^^^^^^^^^^
  File "/root/wsrl-exp034-legacy/weiss_schwarz_rl/python/scripts/train.py", line 1867, in _restore_learner_from_checkpoint
    raise RuntimeError(
RuntimeError: checkpoint config hash mismatch for /root/wsrl-exp034-legacy/weiss_schwarz_rl/runs/transplant_exp023_to_exp029_weak_b1_20260506/best_transplant_exp029_weak_b1.pt: expected e28b1c442b433997faae570db8fd1eabaab942fca2c5dcd398e5802283a90f3e, got efdef540a5b3546457bf8232d23cc2a2e4b2b642ae94677d855afa1baa712762
