================================================================================
STARTUP CONTRACT
================================================================================
spec_hash:              617b38051c728b667b870d357555672215d93552c816a07ffbb31f4f9945c51a
config_hash:            09c9b5f138263b6d25fb569b7ae1056d2a25dd2a75b4bdcbef023b96ab9b1b48
computed_run_id64:      9c13c3ec6868e394
computed_run_id256:     94e36868ecc3139cf67a53cc9c9cb19b0740ba92800f7b227d28a95c32fd6496
run_label:              baseline_nogru_impala_noleague_self_fast_u220_20260506
run_dir_name:           baseline_nogru_impala_noleague_self_fast_u220_20260506
spec_mismatch_policy:   hard_fail
================================================================================
Verified runtime spec bundle: compat=8590000130 sha256=617b38051c728b667b870d357555672215d93552c816a07ffbb31f4f9945c51a
Loaded stack config with 0 components
Wrote manifest: /root/wsrl-exp034-legacy/weiss_schwarz_rl/runs/baseline_nogru_impala_noleague_self_fast_u220_20260506/manifest.json
Traceback (most recent call last):
  File "/root/wsrl-exp034-legacy/weiss_schwarz_rl/python/scripts/train.py", line 4725, in <module>
    main()
  File "/root/wsrl-exp034-legacy/weiss_schwarz_rl/python/scripts/train.py", line 4691, in main
    metrics = _run_minimal_training(
              ^^^^^^^^^^^^^^^^^^^^^^
  File "/root/wsrl-exp034-legacy/weiss_schwarz_rl/python/scripts/train.py", line 4073, in _run_minimal_training
    runtime_batch = _collect_training_batch(
                    ^^^^^^^^^^^^^^^^^^^^^^^^
  File "/root/wsrl-exp034-legacy/weiss_schwarz_rl/python/scripts/train.py", line 2140, in _collect_training_batch
    return runtime.collect_update_batch(
           ^^^^^^^^^^^^^^^^^^^^^^^^^^^^^
  File "/root/wsrl-exp034-legacy/weiss_schwarz_rl/python/weiss_rl/runtime.py", line 2496, in collect_update_batch
    self._fill_pending_unrolls(
  File "/root/wsrl-exp034-legacy/weiss_schwarz_rl/python/weiss_rl/runtime.py", line 2717, in _fill_pending_unrolls
    self._pending_unrolls.append(self._collect_actor_unroll(actor))
                                 ^^^^^^^^^^^^^^^^^^^^^^^^^^^^^^^^^
  File "/root/wsrl-exp034-legacy/weiss_schwarz_rl/python/weiss_rl/runtime.py", line 6490, in _collect_actor_unroll
    self._fill_policy_outputs_ids(
  File "/root/wsrl-exp034-legacy/weiss_schwarz_rl/python/weiss_rl/runtime.py", line 3688, in _fill_policy_outputs_ids
    self._apply_opponent_rows_ids(
  File "/root/wsrl-exp034-legacy/weiss_schwarz_rl/python/weiss_rl/runtime.py", line 3884, in _apply_opponent_rows_ids
    raise RuntimeError(f"missing opponent snapshot model for policy_id {policy_id!r}")
RuntimeError: missing opponent snapshot model for policy_id 'B2 HeuristicPublic'
