================================================================================
STARTUP CONTRACT
================================================================================
spec_hash:              617b38051c728b667b870d357555672215d93552c816a07ffbb31f4f9945c51a
config_hash:            a1c108d58005f4e31bd26ea5fc86a7c73c016028310eb13b7184c5b50cadde82
computed_run_id64:      cd85824a6bb14d5b
computed_run_id256:     5b4db16b4a8285cdb22a07ffbf5b7da83c68deb9c3944cf4ffa85d20c68e77b6
run_label:              baseline_nogru_impala_noleague_fast_u220_20260506
run_dir_name:           baseline_nogru_impala_noleague_fast_u220_20260506
spec_mismatch_policy:   hard_fail
================================================================================
Verified runtime spec bundle: compat=8590000130 sha256=617b38051c728b667b870d357555672215d93552c816a07ffbb31f4f9945c51a
Loaded stack config with 0 components
Wrote manifest: /root/wsrl-exp034-legacy/weiss_schwarz_rl/runs/baseline_nogru_impala_noleague_fast_u220_20260506/manifest.json
Traceback (most recent call last):
  File "/root/wsrl-exp034-legacy/weiss_schwarz_rl/python/scripts/train.py", line 4725, in <module>
    main()
  File "/root/wsrl-exp034-legacy/weiss_schwarz_rl/python/scripts/train.py", line 4691, in main
    metrics = _run_minimal_training(
              ^^^^^^^^^^^^^^^^^^^^^^
  File "/root/wsrl-exp034-legacy/weiss_schwarz_rl/python/scripts/train.py", line 4073, in _run_minimal_training
    runtime_batch = _collect_training_batch(
                    ^^^^^^^^^^^^^^^^^^^^^^^^
  File "/root/wsrl-exp034-legacy/weiss_schwarz_rl/python/scripts/train.py", line 2140, in _collect_training_batch
    return runtime.collect_update_batch(
           ^^^^^^^^^^^^^^^^^^^^^^^^^^^^^
  File "/root/wsrl-exp034-legacy/weiss_schwarz_rl/python/weiss_rl/runtime.py", line 2496, in collect_update_batch
    self._fill_pending_unrolls(
  File "/root/wsrl-exp034-legacy/weiss_schwarz_rl/python/weiss_rl/runtime.py", line 2717, in _fill_pending_unrolls
    self._pending_unrolls.append(self._collect_actor_unroll(actor))
                                 ^^^^^^^^^^^^^^^^^^^^^^^^^^^^^^^^^
  File "/root/wsrl-exp034-legacy/weiss_schwarz_rl/python/weiss_rl/runtime.py", line 6490, in _collect_actor_unroll
    self._fill_policy_outputs_ids(
  File "/root/wsrl-exp034-legacy/weiss_schwarz_rl/python/weiss_rl/runtime.py", line 3688, in _fill_policy_outputs_ids
    self._apply_opponent_rows_ids(
  File "/root/wsrl-exp034-legacy/weiss_schwarz_rl/python/weiss_rl/runtime.py", line 3884, in _apply_opponent_rows_ids
    raise RuntimeError(f"missing opponent snapshot model for policy_id {policy_id!r}")
RuntimeError: missing opponent snapshot model for policy_id 'B2 HeuristicPublic'
