================================================================================
STARTUP CONTRACT
================================================================================
spec_hash:              617b38051c728b667b870d357555672215d93552c816a07ffbb31f4f9945c51a
config_hash:            3ff9fc075ae847b4a9b6bfaa618c0ea869313bdf27cedab43a6e3a68029d451c
computed_run_id64:      1e016d07cc4d8a56
computed_run_id256:     568a4dcc076d011eed1e7adff0887d36eadd300b846f24ae7d02f4caeb0b2229
run_label:              baseline_ppo_lite_noleague_fast_u220_20260506
run_dir_name:           baseline_ppo_lite_noleague_fast_u220_20260506
spec_mismatch_policy:   hard_fail
================================================================================
Verified runtime spec bundle: compat=8590000130 sha256=617b38051c728b667b870d357555672215d93552c816a07ffbb31f4f9945c51a
Loaded stack config with 0 components
Wrote manifest: /root/wsrl-exp034-legacy/weiss_schwarz_rl/runs/baseline_ppo_lite_noleague_fast_u220_20260506/manifest.json
Traceback (most recent call last):
  File "/root/wsrl-exp034-legacy/weiss_schwarz_rl/python/scripts/train.py", line 4725, in <module>
    main()
  File "/root/wsrl-exp034-legacy/weiss_schwarz_rl/python/scripts/train.py", line 4691, in main
    metrics = _run_minimal_training(
              ^^^^^^^^^^^^^^^^^^^^^^
  File "/root/wsrl-exp034-legacy/weiss_schwarz_rl/python/scripts/train.py", line 4073, in _run_minimal_training
    runtime_batch = _collect_training_batch(
                    ^^^^^^^^^^^^^^^^^^^^^^^^
  File "/root/wsrl-exp034-legacy/weiss_schwarz_rl/python/scripts/train.py", line 2148, in _collect_training_batch
    return runtime.collect_policy_batch(
           ^^^^^^^^^^^^^^^^^^^^^^^^^^^^^
  File "/root/wsrl-exp034-legacy/weiss_schwarz_rl/python/weiss_rl/runtime.py", line 2550, in collect_policy_batch
    self._fill_pending_unrolls(
  File "/root/wsrl-exp034-legacy/weiss_schwarz_rl/python/weiss_rl/runtime.py", line 2717, in _fill_pending_unrolls
    self._pending_unrolls.append(self._collect_actor_unroll(actor))
                                 ^^^^^^^^^^^^^^^^^^^^^^^^^^^^^^^^^
  File "/root/wsrl-exp034-legacy/weiss_schwarz_rl/python/weiss_rl/runtime.py", line 6490, in _collect_actor_unroll
    self._fill_policy_outputs_ids(
  File "/root/wsrl-exp034-legacy/weiss_schwarz_rl/python/weiss_rl/runtime.py", line 3688, in _fill_policy_outputs_ids
    self._apply_opponent_rows_ids(
  File "/root/wsrl-exp034-legacy/weiss_schwarz_rl/python/weiss_rl/runtime.py", line 3884, in _apply_opponent_rows_ids
    raise RuntimeError(f"missing opponent snapshot model for policy_id {policy_id!r}")
RuntimeError: missing opponent snapshot model for policy_id 'B2 HeuristicPublic'
