================================================================================
STARTUP CONTRACT
================================================================================
spec_hash:              617b38051c728b667b870d357555672215d93552c816a07ffbb31f4f9945c51a
config_hash:            b8ab320174befe7ee6a50da25f6d0dc81b55755bd54cc1f0ac15a28ea51be8d3
computed_run_id64:      3d0184c8d06d5ad1
computed_run_id256:     d15a6dd0c884013de4a144b0cb70743ca4af4d6794645783ac0051b77b292f98
run_label:              baseline_ppo_lite_fixed_heuristic_u220_20260506
run_dir_name:           baseline_ppo_lite_fixed_heuristic_u220_20260506
spec_mismatch_policy:   hard_fail
================================================================================
Verified runtime spec bundle: compat=8590000130 sha256=617b38051c728b667b870d357555672215d93552c816a07ffbb31f4f9945c51a
Loaded stack config with 0 components
Wrote manifest: /root/wsrl-exp034-legacy/weiss_schwarz_rl/runs/baseline_ppo_lite_fixed_heuristic_u220_20260506/manifest.json
Periodic dev eval: update=25 opponent=b0_randomlegal aggregate=0.5625 anchors=B0 RandomLegal
Periodic dev eval: update=50 opponent=b0_randomlegal aggregate=0.5625 anchors=B0 RandomLegal
Periodic dev eval: update=75 opponent=b0_randomlegal aggregate=0.5000 anchors=B0 RandomLegal
Periodic dev eval: update=100 opponent=b0_randomlegal aggregate=0.5000 anchors=B0 RandomLegal
Periodic dev eval: update=125 opponent=b0_randomlegal aggregate=0.4375 anchors=B0 RandomLegal
Periodic dev eval: update=150 opponent=b0_randomlegal aggregate=0.4375 anchors=B0 RandomLegal
Periodic dev eval: update=175 opponent=b0_randomlegal aggregate=0.4375 anchors=B0 RandomLegal
Periodic dev eval: update=200 opponent=b0_randomlegal aggregate=0.5000 anchors=B0 RandomLegal
Completed canonical single-node training run: loss=-0.046432 policy_loss=-0.039578 value_loss=0.006996 entropy=2.070642
