================================================================================
STARTUP CONTRACT
================================================================================
spec_hash:              617b38051c728b667b870d357555672215d93552c816a07ffbb31f4f9945c51a
config_hash:            2e5938c83f5dfa1fbc30ea4f9e641cdbd35d16412d3f0dc93d573f49f0653ac9
computed_run_id64:      17959e8eb2f4e21c
computed_run_id256:     1ce2f4b28e9e9517dda7604ac7297fa974ee215b99648dbb3fe30153f5856ec7
run_label:              baseline_ppo_lite_fast_nob1anchors_u220_20260506
run_dir_name:           baseline_ppo_lite_fast_nob1anchors_u220_20260506
spec_mismatch_policy:   hard_fail
================================================================================
Verified runtime spec bundle: compat=8590000130 sha256=617b38051c728b667b870d357555672215d93552c816a07ffbb31f4f9945c51a
Loaded stack config with 0 components
Wrote manifest: /root/wsrl-exp034-legacy/weiss_schwarz_rl/runs/baseline_ppo_lite_fast_nob1anchors_u220_20260506/manifest.json
Traceback (most recent call last):
  File "/root/wsrl-exp034-legacy/weiss_schwarz_rl/python/scripts/train.py", line 4725, in <module>
    main()
  File "/root/wsrl-exp034-legacy/weiss_schwarz_rl/python/scripts/train.py", line 4691, in main
    metrics = _run_minimal_training(
              ^^^^^^^^^^^^^^^^^^^^^^
  File "/root/wsrl-exp034-legacy/weiss_schwarz_rl/python/scripts/train.py", line 4073, in _run_minimal_training
    runtime_batch = _collect_training_batch(
                    ^^^^^^^^^^^^^^^^^^^^^^^^
  File "/root/wsrl-exp034-legacy/weiss_schwarz_rl/python/scripts/train.py", line 2148, in _collect_training_batch
    return runtime.collect_policy_batch(
           ^^^^^^^^^^^^^^^^^^^^^^^^^^^^^
  File "/root/wsrl-exp034-legacy/weiss_schwarz_rl/python/weiss_rl/runtime.py", line 2550, in collect_policy_batch
    self._fill_pending_unrolls(
  File "/root/wsrl-exp034-legacy/weiss_schwarz_rl/python/weiss_rl/runtime.py", line 2717, in _fill_pending_unrolls
    self._pending_unrolls.append(self._collect_actor_unroll(actor))
                                 ^^^^^^^^^^^^^^^^^^^^^^^^^^^^^^^^^
  File "/root/wsrl-exp034-legacy/weiss_schwarz_rl/python/weiss_rl/runtime.py", line 6490, in _collect_actor_unroll
    self._fill_policy_outputs_ids(
  File "/root/wsrl-exp034-legacy/weiss_schwarz_rl/python/weiss_rl/runtime.py", line 3688, in _fill_policy_outputs_ids
    self._apply_opponent_rows_ids(
  File "/root/wsrl-exp034-legacy/weiss_schwarz_rl/python/weiss_rl/runtime.py", line 3884, in _apply_opponent_rows_ids
    raise RuntimeError(f"missing opponent snapshot model for policy_id {policy_id!r}")
RuntimeError: missing opponent snapshot model for policy_id 'B2 HeuristicPublic'
