================================================================================
STARTUP CONTRACT
================================================================================
spec_hash:              617b38051c728b667b870d357555672215d93552c816a07ffbb31f4f9945c51a
config_hash:            ae50b06a6a8d107a6013ade8f465624e5235848f6db7cd5a88268c787f3ceade
computed_run_id64:      e75a8950a09757c3
computed_run_id256:     c35797a050895ae7ebd6136e754385649cbff8808034f5de5cb911ff2ecb201b
run_label:              exp034_legacy_unroll8_env8_cont_u320_to340_20260506
run_dir_name:           exp034_legacy_unroll8_env8_cont_u320_to340_20260506
spec_mismatch_policy:   hard_fail
================================================================================
Verified runtime spec bundle: compat=8590000130 sha256=617b38051c728b667b870d357555672215d93552c816a07ffbb31f4f9945c51a
Loaded stack config with 0 components
Wrote manifest: /root/wsrl-exp034-legacy/weiss_schwarz_rl/runs/exp034_legacy_unroll8_env8_cont_u320_to340_20260506/manifest.json
Structured profiling enabled: profile_timers=True torch_profiler=False structured_metrics_mode=sampled teacher_aux_mode=always fixed_opponent_backend=simulator_native
Resumed learner state: checkpoint=/root/weiss_schwarz_rl/runs/exp-034-transplant-exp023-champion-b1-override-tier1b/training/checkpoints/checkpoint_320.pt update=320 policy_version=16
Imported promotion anchor: anchor=B1 NoLeague baseline policy_id=b1_noleague_baseline source_run_dir=/root/weiss_schwarz_rl/runs/exp-002-current-spec-b1-noleague-baseline
Imported seeded snapshot pool: count=11 source_run_dir=/root/weiss_schwarz_rl/runs/exp-023-early-b1-reserved-lane-ungated-tier1b
Periodic dev eval: update=325 opponent=b0_randomlegal aggregate=0.9583 anchors=B0 RandomLegal,B1 NoLeague baseline,B2 HeuristicPublic
Saved checkpoint metadata: /root/wsrl-exp034-legacy/weiss_schwarz_rl/runs/exp034_legacy_unroll8_env8_cont_u320_to340_20260506/training/checkpoints/checkpoint_metadata_340.json
Promotion gate passed: update=340 candidate=policy_000017 anchors=B0 RandomLegal,B1 NoLeague baseline,B2 HeuristicPublic
Completed canonical single-node training run: loss=1.599041 policy_loss=0.002064 value_loss=0.008069 entropy=1.093904
