================================================================================
STARTUP CONTRACT
================================================================================
spec_hash:              617b38051c728b667b870d357555672215d93552c816a07ffbb31f4f9945c51a
config_hash:            ae50b06a6a8d107a6013ade8f465624e5235848f6db7cd5a88268c787f3ceade
computed_run_id64:      e008030c3654d48a
computed_run_id256:     8ad454360c0308e0384e2d628c574b2c1a9d3ae73133fc5db54a09e146788f8a
run_label:              exp034_legacy_oldleague_env8_u4_cont_u320_to340_20260506
run_dir_name:           exp034_legacy_oldleague_env8_u4_cont_u320_to340_20260506
spec_mismatch_policy:   hard_fail
================================================================================
Verified runtime spec bundle: compat=8590000130 sha256=617b38051c728b667b870d357555672215d93552c816a07ffbb31f4f9945c51a
Loaded stack config with 0 components
Wrote manifest: /root/wsrl-exp034-legacy/weiss_schwarz_rl/runs/exp034_legacy_oldleague_env8_u4_cont_u320_to340_20260506/manifest.json
Structured profiling enabled: profile_timers=True torch_profiler=False structured_metrics_mode=sampled teacher_aux_mode=always fixed_opponent_backend=simulator_native
Resumed learner state: checkpoint=/root/weiss_schwarz_rl/runs/exp-034-transplant-exp023-champion-b1-override-tier1b/training/checkpoints/checkpoint_320.pt update=320 policy_version=16
Imported promotion anchor: anchor=B1 NoLeague baseline policy_id=b1_noleague_baseline source_run_dir=/root/weiss_schwarz_rl/runs/exp-002-current-spec-b1-noleague-baseline
Imported seeded snapshot pool: count=16 source_run_dir=/root/weiss_schwarz_rl/runs/exp-034-transplant-exp023-champion-b1-override-tier1b
Periodic dev eval: update=325 opponent=b0_randomlegal aggregate=0.9583 anchors=B0 RandomLegal,B1 NoLeague baseline,B2 HeuristicPublic
Saved checkpoint metadata: /root/wsrl-exp034-legacy/weiss_schwarz_rl/runs/exp034_legacy_oldleague_env8_u4_cont_u320_to340_20260506/training/checkpoints/checkpoint_metadata_340.json
Promotion gate passed: update=340 candidate=policy_000017 anchors=B0 RandomLegal,B1 NoLeague baseline,B2 HeuristicPublic
Completed canonical single-node training run: loss=1.665493 policy_loss=-0.002759 value_loss=0.006711 entropy=1.081023
