================================================================================
STARTUP CONTRACT
================================================================================
spec_hash:              617b38051c728b667b870d357555672215d93552c816a07ffbb31f4f9945c51a
config_hash:            ae50b06a6a8d107a6013ade8f465624e5235848f6db7cd5a88268c787f3ceade
computed_run_id64:      8d2a3710e8ca28ea
computed_run_id256:     ea28cae810372a8d329d96aa7fd913074c7b745dcc97458b3be60c202417b610
run_label:              main_thesis_exp034_legacy_oldleague_env8_u4_u340_to800_20260506
run_dir_name:           main_thesis_exp034_legacy_oldleague_env8_u4_u340_to800_20260506
spec_mismatch_policy:   hard_fail
================================================================================
Verified runtime spec bundle: compat=8590000130 sha256=617b38051c728b667b870d357555672215d93552c816a07ffbb31f4f9945c51a
Loaded stack config with 0 components
Resuming existing run directory: /root/wsrl-exp034-legacy/weiss_schwarz_rl/runs/main_thesis_exp034_legacy_oldleague_env8_u4_u340_to800_20260506
Structured profiling enabled: profile_timers=True torch_profiler=False structured_metrics_mode=sampled teacher_aux_mode=always fixed_opponent_backend=simulator_native
Resumed learner state: checkpoint=/root/wsrl-exp034-legacy/weiss_schwarz_rl/runs/main_thesis_exp034_legacy_oldleague_env8_u4_u340_to800_20260506/training/checkpoints/checkpoint_360.pt update=360 policy_version=18
Imported seeded snapshot pool: count=17 source_run_dir=/root/wsrl-exp034-legacy/weiss_schwarz_rl/runs/exp034_legacy_oldleague_env8_u4_cont_u320_to340_20260506
Periodic dev eval: update=375 opponent=b0_randomlegal aggregate=0.9375 anchors=B0 RandomLegal,B1 NoLeague baseline,B2 HeuristicPublic
Checkpoint guard rollback: update=375 best_update=350 current_score=0.9375 best_score=0.9583 reasons=score_drop
Saved checkpoint metadata: /root/wsrl-exp034-legacy/weiss_schwarz_rl/runs/main_thesis_exp034_legacy_oldleague_env8_u4_u340_to800_20260506/training/checkpoints/checkpoint_metadata_380.json
Promotion gate passed: update=380 candidate=policy_000019 anchors=B0 RandomLegal,B1 NoLeague baseline,B2 HeuristicPublic
Saved checkpoint metadata: /root/wsrl-exp034-legacy/weiss_schwarz_rl/runs/main_thesis_exp034_legacy_oldleague_env8_u4_u340_to800_20260506/training/checkpoints/checkpoint_metadata_400.json
Promotion gate passed: update=400 candidate=policy_000020 anchors=B0 RandomLegal,B1 NoLeague baseline,B2 HeuristicPublic
Periodic dev eval: update=400 opponent=b0_randomlegal aggregate=0.9583 anchors=B0 RandomLegal,B1 NoLeague baseline,B2 HeuristicPublic
Saved checkpoint metadata: /root/wsrl-exp034-legacy/weiss_schwarz_rl/runs/main_thesis_exp034_legacy_oldleague_env8_u4_u340_to800_20260506/training/checkpoints/checkpoint_metadata_420.json
Promotion gate passed: update=420 candidate=policy_000021 anchors=B0 RandomLegal,B1 NoLeague baseline,B2 HeuristicPublic
Periodic dev eval: update=425 opponent=b0_randomlegal aggregate=0.9583 anchors=B0 RandomLegal,B1 NoLeague baseline,B2 HeuristicPublic
Saved checkpoint metadata: /root/wsrl-exp034-legacy/weiss_schwarz_rl/runs/main_thesis_exp034_legacy_oldleague_env8_u4_u340_to800_20260506/training/checkpoints/checkpoint_metadata_440.json
Promotion gate passed: update=440 candidate=policy_000022 anchors=B0 RandomLegal,B1 NoLeague baseline,B2 HeuristicPublic
Periodic dev eval: update=450 opponent=b0_randomlegal aggregate=0.9375 anchors=B0 RandomLegal,B1 NoLeague baseline,B2 HeuristicPublic
Checkpoint guard rollback: update=450 best_update=350 current_score=0.9375 best_score=0.9583 reasons=score_drop
Saved checkpoint metadata: /root/wsrl-exp034-legacy/weiss_schwarz_rl/runs/main_thesis_exp034_legacy_oldleague_env8_u4_u340_to800_20260506/training/checkpoints/checkpoint_metadata_460.json
Promotion gate passed: update=460 candidate=policy_000023 anchors=B0 RandomLegal,B1 NoLeague baseline,B2 HeuristicPublic
Periodic dev eval: update=475 opponent=b0_randomlegal aggregate=0.9375 anchors=B0 RandomLegal,B1 NoLeague baseline,B2 HeuristicPublic
Checkpoint guard rollback: update=475 best_update=350 current_score=0.9375 best_score=0.9583 reasons=score_drop
Saved checkpoint metadata: /root/wsrl-exp034-legacy/weiss_schwarz_rl/runs/main_thesis_exp034_legacy_oldleague_env8_u4_u340_to800_20260506/training/checkpoints/checkpoint_metadata_480.json
Promotion gate passed: update=480 candidate=policy_000024 anchors=B0 RandomLegal,B1 NoLeague baseline,B2 HeuristicPublic
Saved checkpoint metadata: /root/wsrl-exp034-legacy/weiss_schwarz_rl/runs/main_thesis_exp034_legacy_oldleague_env8_u4_u340_to800_20260506/training/checkpoints/checkpoint_metadata_500.json
Promotion gate passed: update=500 candidate=policy_000025 anchors=B0 RandomLegal,B1 NoLeague baseline,B2 HeuristicPublic
Periodic dev eval: update=500 opponent=b0_randomlegal aggregate=0.9167 anchors=B0 RandomLegal,B1 NoLeague baseline,B2 HeuristicPublic
Checkpoint guard rollback: update=500 best_update=350 current_score=0.9167 best_score=0.9583 reasons=score_drop
Saved checkpoint metadata: /root/wsrl-exp034-legacy/weiss_schwarz_rl/runs/main_thesis_exp034_legacy_oldleague_env8_u4_u340_to800_20260506/training/checkpoints/checkpoint_metadata_520.json
Promotion gate passed: update=520 candidate=policy_000026 anchors=B0 RandomLegal,B1 NoLeague baseline,B2 HeuristicPublic
Periodic dev eval: update=525 opponent=b0_randomlegal aggregate=0.9583 anchors=B0 RandomLegal,B1 NoLeague baseline,B2 HeuristicPublic
Saved checkpoint metadata: /root/wsrl-exp034-legacy/weiss_schwarz_rl/runs/main_thesis_exp034_legacy_oldleague_env8_u4_u340_to800_20260506/training/checkpoints/checkpoint_metadata_540.json
Promotion gate passed: update=540 candidate=policy_000027 anchors=B0 RandomLegal,B1 NoLeague baseline,B2 HeuristicPublic
Periodic dev eval: update=550 opponent=b0_randomlegal aggregate=0.9375 anchors=B0 RandomLegal,B1 NoLeague baseline,B2 HeuristicPublic
Checkpoint guard rollback: update=550 best_update=350 current_score=0.9375 best_score=0.9583 reasons=score_drop
Saved checkpoint metadata: /root/wsrl-exp034-legacy/weiss_schwarz_rl/runs/main_thesis_exp034_legacy_oldleague_env8_u4_u340_to800_20260506/training/checkpoints/checkpoint_metadata_560.json
Promotion gate passed: update=560 candidate=policy_000028 anchors=B0 RandomLegal,B1 NoLeague baseline,B2 HeuristicPublic
Periodic dev eval: update=575 opponent=b0_randomlegal aggregate=0.9167 anchors=B0 RandomLegal,B1 NoLeague baseline,B2 HeuristicPublic
Checkpoint guard rollback: update=575 best_update=350 current_score=0.9167 best_score=0.9583 reasons=score_drop
Saved checkpoint metadata: /root/wsrl-exp034-legacy/weiss_schwarz_rl/runs/main_thesis_exp034_legacy_oldleague_env8_u4_u340_to800_20260506/training/checkpoints/checkpoint_metadata_580.json
Promotion gate passed: update=580 candidate=policy_000029 anchors=B0 RandomLegal,B1 NoLeague baseline,B2 HeuristicPublic
Saved checkpoint metadata: /root/wsrl-exp034-legacy/weiss_schwarz_rl/runs/main_thesis_exp034_legacy_oldleague_env8_u4_u340_to800_20260506/training/checkpoints/checkpoint_metadata_600.json
Promotion gate passed: update=600 candidate=policy_000030 anchors=B0 RandomLegal,B1 NoLeague baseline,B2 HeuristicPublic
Periodic dev eval: update=600 opponent=b0_randomlegal aggregate=0.9375 anchors=B0 RandomLegal,B1 NoLeague baseline,B2 HeuristicPublic
Checkpoint guard rollback: update=600 best_update=350 current_score=0.9375 best_score=0.9583 reasons=score_drop
Saved checkpoint metadata: /root/wsrl-exp034-legacy/weiss_schwarz_rl/runs/main_thesis_exp034_legacy_oldleague_env8_u4_u340_to800_20260506/training/checkpoints/checkpoint_metadata_620.json
Promotion gate passed: update=620 candidate=policy_000031 anchors=B0 RandomLegal,B1 NoLeague baseline,B2 HeuristicPublic
Periodic dev eval: update=625 opponent=b0_randomlegal aggregate=0.9375 anchors=B0 RandomLegal,B1 NoLeague baseline,B2 HeuristicPublic
Checkpoint guard rollback: update=625 best_update=350 current_score=0.9375 best_score=0.9583 reasons=score_drop
Saved checkpoint metadata: /root/wsrl-exp034-legacy/weiss_schwarz_rl/runs/main_thesis_exp034_legacy_oldleague_env8_u4_u340_to800_20260506/training/checkpoints/checkpoint_metadata_640.json
Promotion gate passed: update=640 candidate=policy_000032 anchors=B0 RandomLegal,B1 NoLeague baseline,B2 HeuristicPublic
Periodic dev eval: update=650 opponent=b0_randomlegal aggregate=0.9375 anchors=B0 RandomLegal,B1 NoLeague baseline,B2 HeuristicPublic
Checkpoint guard rollback: update=650 best_update=350 current_score=0.9375 best_score=0.9583 reasons=score_drop
Saved checkpoint metadata: /root/wsrl-exp034-legacy/weiss_schwarz_rl/runs/main_thesis_exp034_legacy_oldleague_env8_u4_u340_to800_20260506/training/checkpoints/checkpoint_metadata_660.json
