================================================================================
STARTUP CONTRACT
================================================================================
spec_hash:              a62917cf4825a9dfa3b3ca23c43bb29f6a4abaed0098140192ab326e12ae2319
config_hash:            ca1ce7e9cb07d7b79df0f34f3572feaa897327bf5e60309b02f5f0e84543b0e9
computed_run_id64:      99880b34c008f9c7
computed_run_id256:     c7f908c0340b88992cb3f727e11d5e7d0129ce5a0d36aa4edf7a7441d95a39ff
run_label:              main_champion_hardneg_alloutcome_replaybc_b4guard_u5x2_20260518_seg01
run_dir_name:           main_champion_hardneg_alloutcome_replaybc_b4guard_u5x2_20260518_seg01
spec_mismatch_policy:   hard_fail
================================================================================
Verified runtime spec bundle: compat=8590000130 sha256=a62917cf4825a9dfa3b3ca23c43bb29f6a4abaed0098140192ab326e12ae2319
Loaded stack config with 0 components
Wrote manifest: C:\Users\Bruger\Desktop\this one\weiss_schwarz_rl\runs\main_champion_hardneg_alloutcome_replaybc_b4guard_u5x2_20260518_seg01\manifest.json
Structured profiling enabled: profile_timers=True torch_profiler=False structured_metrics_mode=sampled teacher_aux_mode=always fixed_opponent_backend=simulator_native
Initialized learner weights: checkpoint=C:\Users\Bruger\Desktop\this one\weiss_schwarz_rl\runs\main_champion_hardneg_interp_u10_repair_a015_20260517\training\checkpoints\checkpoint_interpolated.pt source_update=5 source_init_schedule_offset=185 source_policy_version=1
Overrode init-from-checkpoint guidance schedule offset: init_schedule_offset_updates=0
Imported promotion anchor: anchor=B1 NoLeague baseline policy_id=b1_noleague_baseline source_run_dir=C:\Users\Bruger\Desktop\this one\weiss_schwarz_rl\runs\guarded_recontinue2_from_selected_u15_anchor_nopublic_u20_20260516_seg01
Imported seeded snapshot pool: count=10 source_run_dir=C:/Users/Bruger/Desktop/this one/weiss_schwarz_rl/runs/main_champion_hardneg_long_v1_u10_20260517_seg01
Saved checkpoint metadata: C:\Users\Bruger\Desktop\this one\weiss_schwarz_rl\runs\main_champion_hardneg_alloutcome_replaybc_b4guard_u5x2_20260518_seg01\training\checkpoints\checkpoint_metadata_1.json
Promotion gate skipped during league warmup: update=1 effective_update=0 threshold=1 candidate=policy_000001
Saved checkpoint metadata: C:\Users\Bruger\Desktop\this one\weiss_schwarz_rl\runs\main_champion_hardneg_alloutcome_replaybc_b4guard_u5x2_20260518_seg01\training\checkpoints\checkpoint_metadata_2.json
Promotion gate failed: update=2 candidate=policy_000002 reasons=anchor_loss_guardrail_exceeded,anchor_loss_guardrail_exceeded
Saved checkpoint metadata: C:\Users\Bruger\Desktop\this one\weiss_schwarz_rl\runs\main_champion_hardneg_alloutcome_replaybc_b4guard_u5x2_20260518_seg01\training\checkpoints\checkpoint_metadata_3.json
Promotion gate failed: update=3 candidate=policy_000003 reasons=anchor_loss_guardrail_exceeded,anchor_loss_guardrail_exceeded
Saved checkpoint metadata: C:\Users\Bruger\Desktop\this one\weiss_schwarz_rl\runs\main_champion_hardneg_alloutcome_replaybc_b4guard_u5x2_20260518_seg01\training\checkpoints\checkpoint_metadata_4.json
Promotion gate failed: update=4 candidate=policy_000004 reasons=anchor_loss_guardrail_exceeded,anchor_loss_guardrail_exceeded
Saved checkpoint metadata: C:\Users\Bruger\Desktop\this one\weiss_schwarz_rl\runs\main_champion_hardneg_alloutcome_replaybc_b4guard_u5x2_20260518_seg01\training\checkpoints\checkpoint_metadata_5.json
Promotion gate failed: update=5 candidate=policy_000005 reasons=anchor_loss_guardrail_exceeded,anchor_loss_guardrail_exceeded
Completed canonical single-node training run: loss=0.143679 policy_loss=0.031483 value_loss=0.126629 entropy=0.803956
diagnostics\main_champion_hardneg_alloutcome_replaybc_b4guard_u5x2_20260518_seg01_candidate_preconfirm.json
targeted confirm start: focal=policy_000005 rows=13 paired_seeds=128 workers=1
done 1/13 policy_000005 vs B0 RandomLegal mean=1.0 wins=256/256
done 2/13 policy_000005 vs B1 NoLeague baseline mean=0.6171875 wins=158/256
done 3/13 policy_000005 vs B2 HeuristicPublic mean=0.79296875 wins=203/256
done 4/13 policy_000005 vs B3 HeuristicPublicAggro mean=0.74609375 wins=191/256
done 5/13 policy_000005 vs B4 HeuristicPublicControl mean=0.7265625 wins=186/256
done 6/13 policy_000005 vs seed_b8c698d26a_seed_c3aac2f9dc_policy_000001 mean=0.640625 wins=164/256
done 7/13 policy_000005 vs seed_b8c698d26a_seed_c3aac2f9dc_policy_000002 mean=0.56640625 wins=145/256
done 8/13 policy_000005 vs seed_b8c698d26a_seed_c3aac2f9dc_checkpoint_000025 mean=0.56640625 wins=145/256
done 9/13 policy_000005 vs seed_b8c698d26a_seed_c3aac2f9dc_main_bestresponse_u25_devbest mean=0.56640625 wins=145/256
done 10/13 policy_000005 vs seed_b8c698d26a_seed_c3aac2f9dc_main_league_selected mean=0.54296875 wins=139/256
done 11/13 policy_000005 vs seed_b8c698d26a_seed_c3aac2f9dc_policy_000003 mean=0.54296875 wins=139/256
done 12/13 policy_000005 vs seed_b8c698d26a_seed_c3aac2f9dc_policy_000004 mean=0.5546875 wins=142/256
done 13/13 policy_000005 vs seed_b8c698d26a_seed_c3aac2f9dc_policy_000005 mean=0.5390625 wins=138/256
summary runs\main_champion_hardneg_alloutcome_replaybc_b4guard_u5x2_20260518_seg01\eval\guard_confirm128_policy_000005\targeted_confirm128_summary.json
{"games": 3328, "mean": 0.6463341346153846, "wins": 2151}
diagnostics\main_champion_hardneg_alloutcome_replaybc_b4guard_u5x2_20260518_seg01_candidate_selection.json
{"status": "stopped_guard_failed", "summary_path": "C:/Users/Bruger/Desktop/this one/weiss_schwarz_rl/diagnostics/main_champion_hardneg_alloutcome_replaybc_b4guard_u5x2_20260518_guarded_league_bootstrap_summary.json"}
