Traceback (most recent call last):
  File "C:\Users\Bruger\Desktop\this one\weiss_schwarz_rl\python\scripts\targeted_confirm_eval.py", line 176, in main
    result = _targeted_worker(job)
             ^^^^^^^^^^^^^^^^^^^^^
  File "C:\Users\Bruger\Desktop\this one\weiss_schwarz_rl\python\scripts\targeted_confirm_eval.py", line 102, in _targeted_worker
    result = _worker(job)
             ^^^^^^^^^^^^
  File "C:\Users\Bruger\Desktop\this one\weiss_schwarz_rl\python\scripts\parallel_final_eval.py", line 51, in _worker
    policies = resolve_eval_policies(
               ^^^^^^^^^^^^^^^^^^^^^^
  File "C:\Users\Bruger\Desktop\this one\weiss_schwarz_rl\python\weiss_rl\eval\simulator_runner.py", line 181, in resolve_eval_policies
    raise FileNotFoundError(f"Could not resolve eval policy {policy_id!r} in snapshot registry {registry_path}")
FileNotFoundError: Could not resolve eval policy 'seed_b8c698d26a_seed_c3aac2f9dc_policy_000001' in snapshot registry runs\main_champion_hardneg_a075_context_u1_confirm64_20260520_retry_seg01\training\snapshots\registry.json
Traceback (most recent call last):
  File "C:\Users\Bruger\Desktop\this one\weiss_schwarz_rl\python\scripts\targeted_confirm_eval.py", line 270, in <module>
    main()
  File "C:\Users\Bruger\Desktop\this one\weiss_schwarz_rl\python\scripts\targeted_confirm_eval.py", line 176, in main
    result = _targeted_worker(job)
             ^^^^^^^^^^^^^^^^^^^^^
  File "C:\Users\Bruger\Desktop\this one\weiss_schwarz_rl\python\scripts\targeted_confirm_eval.py", line 102, in _targeted_worker
    result = _worker(job)
             ^^^^^^^^^^^^
  File "C:\Users\Bruger\Desktop\this one\weiss_schwarz_rl\python\scripts\parallel_final_eval.py", line 51, in _worker
    policies = resolve_eval_policies(
               ^^^^^^^^^^^^^^^^^^^^^^
  File "C:\Users\Bruger\Desktop\this one\weiss_schwarz_rl\python\weiss_rl\eval\simulator_runner.py", line 181, in resolve_eval_policies
    raise FileNotFoundError(f"Could not resolve eval policy {policy_id!r} in snapshot registry {registry_path}")
FileNotFoundError: Could not resolve eval policy 'seed_b8c698d26a_seed_c3aac2f9dc_policy_000001' in snapshot registry runs\main_champion_hardneg_a075_context_u1_confirm64_20260520_retry_seg01\training\snapshots\registry.json
Traceback (most recent call last):
  File "C:\Users\Bruger\Desktop\this one\weiss_schwarz_rl\python\scripts\guarded_league_bootstrap.py", line 211, in <module>
    main()
  File "C:\Users\Bruger\Desktop\this one\weiss_schwarz_rl\python\scripts\guarded_league_bootstrap.py", line 206, in main
    summary = run_guarded_league_bootstrap(config)
              ^^^^^^^^^^^^^^^^^^^^^^^^^^^^^^^^^^^^
  File "C:\Users\Bruger\Desktop\this one\weiss_schwarz_rl\python\weiss_rl\experiments\guarded_league_bootstrap.py", line 595, in run_guarded_league_bootstrap
    _run_command(confirm_command, cwd=repo_root, runner=runner, env=confirm_env)
  File "C:\Users\Bruger\Desktop\this one\weiss_schwarz_rl\python\weiss_rl\experiments\guarded_league_bootstrap.py", line 769, in _run_command
    raise RuntimeError(f"command failed with exit code {completed.returncode}: {' '.join(command)}")
RuntimeError: command failed with exit code 1: C:\Users\Bruger\Desktop\this one\weiss_schwarz_rl\.venv\Scripts\python.exe python/scripts/targeted_confirm_eval.py --stack-config configs/thesis/ablations/main_league_champion_hardneg_a075_context_probe.yaml --run-dir runs/main_champion_hardneg_a075_context_u1_confirm64_20260520_retry_seg01 --snapshot-registry-json runs/main_champion_hardneg_a075_context_u1_confirm64_20260520_retry_seg01/training/snapshots/registry.json --b1-baseline-run-dir runs/guarded_recontinue2_from_selected_u15_anchor_nopublic_u20_20260516_seg01 --focal-policy-id policy_000001 --paired-seeds 64 --workers 1 --bootstrap-samples 2000 --output-subdir guard_confirm64_policy_000001 --opponent B0 RandomLegal --opponent B1 NoLeague baseline --opponent B2 HeuristicPublic --opponent B3 HeuristicPublicAggro --opponent B4 HeuristicPublicControl --opponent seed_b8c698d26a_seed_c3aac2f9dc_policy_000001 --opponent seed_b8c698d26a_seed_c3aac2f9dc_policy_000002 --opponent seed_b8c698d26a_seed_c3aac2f9dc_checkpoint_000025 --opponent seed_b8c698d26a_seed_c3aac2f9dc_main_bestresponse_u25_devbest --opponent seed_b8c698d26a_seed_c3aac2f9dc_main_league_selected --opponent seed_b8c698d26a_seed_c3aac2f9dc_policy_000003 --opponent seed_b8c698d26a_seed_c3aac2f9dc_policy_000004 --opponent seed_b8c698d26a_seed_c3aac2f9dc_policy_000005
