================================================================================
STARTUP CONTRACT
================================================================================
spec_hash:              a62917cf4825a9dfa3b3ca23c43bb29f6a4abaed0098140192ab326e12ae2319
config_hash:            f9f75463cfcb55110dcfb33ae71c458cd4f217bc3d05b5fb800e7a5481245c0e
computed_run_id64:      5f55f55f2860231f
computed_run_id256:     1f2360285ff5555fca62908274ce829a34d3a03c878a440b090f1157a2eaf68c
run_label:              main_champion_hardneg_preservewinner_b1hnlosstopaction_from_smoke_u6_confirm64_20260519_seg01
run_dir_name:           main_champion_hardneg_preservewinner_b1hnlosstopaction_from_smoke_u6_confirm64_20260519_seg01
spec_mismatch_policy:   hard_fail
================================================================================
Verified runtime spec bundle: compat=8590000130 sha256=a62917cf4825a9dfa3b3ca23c43bb29f6a4abaed0098140192ab326e12ae2319
Loaded stack config with 0 components
Wrote manifest: C:\Users\Bruger\Desktop\this one\weiss_schwarz_rl\runs\main_champion_hardneg_preservewinner_b1hnlosstopaction_from_smoke_u6_confirm64_20260519_seg01\manifest.json
Structured profiling enabled: profile_timers=True torch_profiler=False structured_metrics_mode=sampled teacher_aux_mode=always fixed_opponent_backend=simulator_native
Initialized learner weights: checkpoint=C:\Users\Bruger\Desktop\this one\weiss_schwarz_rl\runs\main_champion_hardneg_preservewinner_b1hnlosstopaction_smoke_u2_20260519_seg01\training\checkpoints\checkpoint_2.pt source_update=2 source_init_schedule_offset=2 source_policy_version=2
Overrode init-from-checkpoint guidance schedule offset: init_schedule_offset_updates=4
Imported promotion anchor: anchor=B1 NoLeague baseline policy_id=b1_noleague_baseline source_run_dir=C:\Users\Bruger\Desktop\this one\weiss_schwarz_rl\runs\guarded_recontinue2_from_selected_u15_anchor_nopublic_u20_20260516_seg01
Imported seeded snapshot pool: count=15 source_run_dir=C:/Users/Bruger/Desktop/this one/weiss_schwarz_rl/runs/main_champion_hardneg_from_selected_retention_b4guard_u5x3_20260518_seg01
Saved checkpoint metadata: C:\Users\Bruger\Desktop\this one\weiss_schwarz_rl\runs\main_champion_hardneg_preservewinner_b1hnlosstopaction_from_smoke_u6_confirm64_20260519_seg01\training\checkpoints\checkpoint_metadata_2.json
Promotion gate failed: update=2 candidate=policy_000001 reasons=anchor_loss_guardrail_exceeded,anchor_loss_guardrail_exceeded
Saved checkpoint metadata: C:\Users\Bruger\Desktop\this one\weiss_schwarz_rl\runs\main_champion_hardneg_preservewinner_b1hnlosstopaction_from_smoke_u6_confirm64_20260519_seg01\training\checkpoints\checkpoint_metadata_4.json
Promotion gate failed: update=4 candidate=policy_000002 reasons=anchor_loss_guardrail_exceeded,anchor_loss_guardrail_exceeded
Saved checkpoint metadata: C:\Users\Bruger\Desktop\this one\weiss_schwarz_rl\runs\main_champion_hardneg_preservewinner_b1hnlosstopaction_from_smoke_u6_confirm64_20260519_seg01\training\checkpoints\checkpoint_metadata_6.json
Promotion gate failed: update=6 candidate=policy_000003 reasons=anchor_loss_guardrail_exceeded,anchor_loss_guardrail_exceeded
Completed canonical single-node training run: loss=0.193191 policy_loss=0.025440 value_loss=0.101930 entropy=0.805292
diagnostics\main_champion_hardneg_preservewinner_b1hnlosstopaction_from_smoke_u6_confirm64_20260519_seg01_candidate_preconfirm.json
targeted confirm start: focal=policy_000001 rows=13 paired_seeds=64 workers=1
done 1/13 policy_000001 vs B0 RandomLegal mean=1.0 wins=128/128
done 2/13 policy_000001 vs B1 NoLeague baseline mean=0.640625 wins=82/128
done 3/13 policy_000001 vs B2 HeuristicPublic mean=0.78125 wins=100/128
done 4/13 policy_000001 vs B3 HeuristicPublicAggro mean=0.7109375 wins=91/128
done 5/13 policy_000001 vs B4 HeuristicPublicControl mean=0.71875 wins=92/128
done 6/13 policy_000001 vs seed_b8c698d26a_seed_c3aac2f9dc_policy_000001 mean=0.671875 wins=86/128
done 7/13 policy_000001 vs seed_b8c698d26a_seed_c3aac2f9dc_policy_000002 mean=0.6171875 wins=79/128
done 8/13 policy_000001 vs seed_b8c698d26a_seed_c3aac2f9dc_checkpoint_000025 mean=0.5703125 wins=73/128
done 9/13 policy_000001 vs seed_b8c698d26a_seed_c3aac2f9dc_main_bestresponse_u25_devbest mean=0.5703125 wins=73/128
done 10/13 policy_000001 vs seed_b8c698d26a_seed_c3aac2f9dc_main_league_selected mean=0.5625 wins=72/128
done 11/13 policy_000001 vs seed_b8c698d26a_seed_c3aac2f9dc_policy_000003 mean=0.5625 wins=72/128
done 12/13 policy_000001 vs seed_b8c698d26a_seed_c3aac2f9dc_policy_000004 mean=0.5625 wins=72/128
done 13/13 policy_000001 vs seed_b8c698d26a_seed_c3aac2f9dc_policy_000005 mean=0.59375 wins=76/128
summary runs\main_champion_hardneg_preservewinner_b1hnlosstopaction_from_smoke_u6_confirm64_20260519_seg01\eval\guard_confirm64_policy_000001\targeted_confirm64_summary.json
{"games": 1664, "mean": 0.6586538461538461, "wins": 1096}
targeted confirm start: focal=policy_000002 rows=13 paired_seeds=64 workers=1
done 1/13 policy_000002 vs B0 RandomLegal mean=1.0 wins=128/128
done 2/13 policy_000002 vs B1 NoLeague baseline mean=0.640625 wins=82/128
done 3/13 policy_000002 vs B2 HeuristicPublic mean=0.78125 wins=100/128
done 4/13 policy_000002 vs B3 HeuristicPublicAggro mean=0.7109375 wins=91/128
done 5/13 policy_000002 vs B4 HeuristicPublicControl mean=0.71875 wins=92/128
done 6/13 policy_000002 vs seed_b8c698d26a_seed_c3aac2f9dc_policy_000001 mean=0.6796875 wins=87/128
done 7/13 policy_000002 vs seed_b8c698d26a_seed_c3aac2f9dc_policy_000002 mean=0.6171875 wins=79/128
done 8/13 policy_000002 vs seed_b8c698d26a_seed_c3aac2f9dc_checkpoint_000025 mean=0.5703125 wins=73/128
done 9/13 policy_000002 vs seed_b8c698d26a_seed_c3aac2f9dc_main_bestresponse_u25_devbest mean=0.5703125 wins=73/128
done 10/13 policy_000002 vs seed_b8c698d26a_seed_c3aac2f9dc_main_league_selected mean=0.5625 wins=72/128
done 11/13 policy_000002 vs seed_b8c698d26a_seed_c3aac2f9dc_policy_000003 mean=0.5625 wins=72/128
done 12/13 policy_000002 vs seed_b8c698d26a_seed_c3aac2f9dc_policy_000004 mean=0.5546875 wins=71/128
done 13/13 policy_000002 vs seed_b8c698d26a_seed_c3aac2f9dc_policy_000005 mean=0.59375 wins=76/128
summary runs\main_champion_hardneg_preservewinner_b1hnlosstopaction_from_smoke_u6_confirm64_20260519_seg01\eval\guard_confirm64_policy_000002\targeted_confirm64_summary.json
{"games": 1664, "mean": 0.6586538461538461, "wins": 1096}
targeted confirm start: focal=policy_000003 rows=13 paired_seeds=64 workers=1
done 1/13 policy_000003 vs B0 RandomLegal mean=1.0 wins=128/128
done 2/13 policy_000003 vs B1 NoLeague baseline mean=0.640625 wins=82/128
done 3/13 policy_000003 vs B2 HeuristicPublic mean=0.78125 wins=100/128
done 4/13 policy_000003 vs B3 HeuristicPublicAggro mean=0.6953125 wins=89/128
done 5/13 policy_000003 vs B4 HeuristicPublicControl mean=0.71875 wins=92/128
done 6/13 policy_000003 vs seed_b8c698d26a_seed_c3aac2f9dc_policy_000001 mean=0.6796875 wins=87/128
done 7/13 policy_000003 vs seed_b8c698d26a_seed_c3aac2f9dc_policy_000002 mean=0.6171875 wins=79/128
done 8/13 policy_000003 vs seed_b8c698d26a_seed_c3aac2f9dc_checkpoint_000025 mean=0.578125 wins=74/128
done 9/13 policy_000003 vs seed_b8c698d26a_seed_c3aac2f9dc_main_bestresponse_u25_devbest mean=0.578125 wins=74/128
done 10/13 policy_000003 vs seed_b8c698d26a_seed_c3aac2f9dc_main_league_selected mean=0.5703125 wins=73/128
done 11/13 policy_000003 vs seed_b8c698d26a_seed_c3aac2f9dc_policy_000003 mean=0.5703125 wins=73/128
done 12/13 policy_000003 vs seed_b8c698d26a_seed_c3aac2f9dc_policy_000004 mean=0.5546875 wins=71/128
done 13/13 policy_000003 vs seed_b8c698d26a_seed_c3aac2f9dc_policy_000005 mean=0.6015625 wins=77/128
summary runs\main_champion_hardneg_preservewinner_b1hnlosstopaction_from_smoke_u6_confirm64_20260519_seg01\eval\guard_confirm64_policy_000003\targeted_confirm64_summary.json
{"games": 1664, "mean": 0.6604567307692307, "wins": 1099}
diagnostics\main_champion_hardneg_preservewinner_b1hnlosstopaction_from_smoke_u6_confirm64_20260519_seg01_candidate_selection.json
{"status": "completed_unpublished_confirmation_insufficient", "summary_path": "C:/Users/Bruger/Desktop/this one/weiss_schwarz_rl/diagnostics/main_champion_hardneg_preservewinner_b1hnlosstopaction_from_smoke_u6_confirm64_20260519_guarded_league_bootstrap_summary.json"}
