================================================================================
STARTUP CONTRACT
================================================================================
spec_hash:              a62917cf4825a9dfa3b3ca23c43bb29f6a4abaed0098140192ab326e12ae2319
config_hash:            f9f75463cfcb55110dcfb33ae71c458cd4f217bc3d05b5fb800e7a5481245c0e
computed_run_id64:      fad550d05e6a87d7
computed_run_id256:     d7876a5ed050d5fa85296170176c95649f6c614051151c8f87c819b7c3ce203b
run_label:              main_champion_hardneg_preservewinner_b1hnlosstopaction_smoke_u2_20260519_seg01
run_dir_name:           main_champion_hardneg_preservewinner_b1hnlosstopaction_smoke_u2_20260519_seg01
spec_mismatch_policy:   hard_fail
================================================================================
Verified runtime spec bundle: compat=8590000130 sha256=a62917cf4825a9dfa3b3ca23c43bb29f6a4abaed0098140192ab326e12ae2319
Loaded stack config with 0 components
Wrote manifest: C:\Users\Bruger\Desktop\this one\weiss_schwarz_rl\runs\main_champion_hardneg_preservewinner_b1hnlosstopaction_smoke_u2_20260519_seg01\manifest.json
Structured profiling enabled: profile_timers=True torch_profiler=False structured_metrics_mode=sampled teacher_aux_mode=always fixed_opponent_backend=simulator_native
Initialized learner weights: checkpoint=C:\Users\Bruger\Desktop\this one\weiss_schwarz_rl\runs\main_champion_hardneg_from_interp_a375_stratifiedwinnerrepair_overlap_guarded_u6_20260519_seg01\training\checkpoints\checkpoint_2.pt source_update=2 source_init_schedule_offset=195 source_policy_version=1
Overrode init-from-checkpoint guidance schedule offset: init_schedule_offset_updates=2
Imported promotion anchor: anchor=B1 NoLeague baseline policy_id=b1_noleague_baseline source_run_dir=C:\Users\Bruger\Desktop\this one\weiss_schwarz_rl\runs\guarded_recontinue2_from_selected_u15_anchor_nopublic_u20_20260516_seg01
Imported seeded snapshot pool: count=15 source_run_dir=C:/Users/Bruger/Desktop/this one/weiss_schwarz_rl/runs/main_champion_hardneg_from_selected_retention_b4guard_u5x3_20260518_seg01
Saved checkpoint metadata: C:\Users\Bruger\Desktop\this one\weiss_schwarz_rl\runs\main_champion_hardneg_preservewinner_b1hnlosstopaction_smoke_u2_20260519_seg01\training\checkpoints\checkpoint_metadata_1.json
Promotion gate skipped during league warmup: update=1 effective_update=0 threshold=1 candidate=policy_000001
Saved checkpoint metadata: C:\Users\Bruger\Desktop\this one\weiss_schwarz_rl\runs\main_champion_hardneg_preservewinner_b1hnlosstopaction_smoke_u2_20260519_seg01\training\checkpoints\checkpoint_metadata_2.json
Promotion gate failed: update=2 candidate=policy_000002 reasons=anchor_loss_guardrail_exceeded,anchor_loss_guardrail_exceeded
Completed canonical single-node training run: loss=0.181743 policy_loss=0.019169 value_loss=0.093293 entropy=0.800686
diagnostics\main_champion_hardneg_preservewinner_b1hnlosstopaction_smoke_u2_20260519_seg01_candidate_preconfirm.json
targeted confirm start: focal=policy_000002 rows=13 paired_seeds=16 workers=1
done 1/13 policy_000002 vs B0 RandomLegal mean=1.0 wins=32/32
done 2/13 policy_000002 vs B1 NoLeague baseline mean=0.625 wins=20/32
done 3/13 policy_000002 vs B2 HeuristicPublic mean=0.8125 wins=26/32
done 4/13 policy_000002 vs B3 HeuristicPublicAggro mean=0.78125 wins=25/32
done 5/13 policy_000002 vs B4 HeuristicPublicControl mean=0.75 wins=24/32
done 6/13 policy_000002 vs seed_b8c698d26a_seed_c3aac2f9dc_policy_000001 mean=0.59375 wins=19/32
done 7/13 policy_000002 vs seed_b8c698d26a_seed_c3aac2f9dc_policy_000002 mean=0.65625 wins=21/32
done 8/13 policy_000002 vs seed_b8c698d26a_seed_c3aac2f9dc_checkpoint_000025 mean=0.625 wins=20/32
done 9/13 policy_000002 vs seed_b8c698d26a_seed_c3aac2f9dc_main_bestresponse_u25_devbest mean=0.625 wins=20/32
done 10/13 policy_000002 vs seed_b8c698d26a_seed_c3aac2f9dc_main_league_selected mean=0.65625 wins=21/32
done 11/13 policy_000002 vs seed_b8c698d26a_seed_c3aac2f9dc_policy_000003 mean=0.65625 wins=21/32
done 12/13 policy_000002 vs seed_b8c698d26a_seed_c3aac2f9dc_policy_000004 mean=0.59375 wins=19/32
done 13/13 policy_000002 vs seed_b8c698d26a_seed_c3aac2f9dc_policy_000005 mean=0.65625 wins=21/32
summary runs\main_champion_hardneg_preservewinner_b1hnlosstopaction_smoke_u2_20260519_seg01\eval\guard_confirm16_policy_000002\targeted_confirm16_summary.json
{"games": 416, "mean": 0.6947115384615384, "wins": 289}
diagnostics\main_champion_hardneg_preservewinner_b1hnlosstopaction_smoke_u2_20260519_seg01_candidate_selection.json
{"status": "completed_unpublished_confirmation_insufficient", "summary_path": "C:/Users/Bruger/Desktop/this one/weiss_schwarz_rl/diagnostics/main_champion_hardneg_preservewinner_b1hnlosstopaction_smoke_u2_20260519_guarded_league_bootstrap_summary.json"}
