================================================================================
STARTUP CONTRACT
================================================================================
spec_hash:              a62917cf4825a9dfa3b3ca23c43bb29f6a4abaed0098140192ab326e12ae2319
config_hash:            acecc74995fb50b0b17d1d5b41ce7f57e715679e406908c9ad69c95fbd09f393
computed_run_id64:      ab69f890c8c141be
computed_run_id256:     be41c1c890f869ab3f42c84d88775c5a65b8f655e28baf38af0173aed8b291ab
run_label:              main_champion_hardneg_a075_broad_conflictfilter_mechpush_u2fromu1_20260520
run_dir_name:           main_champion_hardneg_a075_broad_conflictfilter_mechpush_u2fromu1_20260520
spec_mismatch_policy:   hard_fail
================================================================================
Verified runtime spec bundle: compat=8590000130 sha256=a62917cf4825a9dfa3b3ca23c43bb29f6a4abaed0098140192ab326e12ae2319
Loaded stack config with 0 components
Wrote manifest: C:\Users\Bruger\Desktop\this one\weiss_schwarz_rl\runs\main_champion_hardneg_a075_broad_conflictfilter_mechpush_u2fromu1_20260520\manifest.json
Structured profiling enabled: profile_timers=True torch_profiler=False structured_metrics_mode=sampled teacher_aux_mode=always fixed_opponent_backend=simulator_native
Initialized learner weights: checkpoint=C:\Users\Bruger\Desktop\this one\weiss_schwarz_rl\runs\main_champion_hardneg_a075_broad_conflictfilter_mechpush_u1_20260520\training\checkpoints\checkpoint_1.pt source_update=1 source_init_schedule_offset=0 source_policy_version=1
Overrode init-from-checkpoint guidance schedule offset: init_schedule_offset_updates=1
Imported promotion anchor: anchor=B1 NoLeague baseline policy_id=b1_noleague_baseline source_run_dir=C:\Users\Bruger\Desktop\this one\weiss_schwarz_rl\runs\guarded_recontinue2_from_selected_u15_anchor_nopublic_u20_20260516_seg01
Imported seeded snapshot pool: count=15 source_run_dir=C:/Users/Bruger/Desktop/this one/weiss_schwarz_rl/runs/main_champion_hardneg_from_selected_retention_b4guard_u5x3_20260518_seg01 source_registry=C:/Users/Bruger/Desktop/this one/weiss_schwarz_rl/runs/main_champion_hardneg_from_selected_retention_b4guard_u5x3_20260518_seg01/training/snapshots/registry.json
Saved checkpoint metadata: C:\Users\Bruger\Desktop\this one\weiss_schwarz_rl\runs\main_champion_hardneg_a075_broad_conflictfilter_mechpush_u2fromu1_20260520\training\checkpoints\checkpoint_metadata_1.json
Promotion gate failed: update=1 candidate=policy_000001 reasons=anchor_loss_guardrail_exceeded,anchor_loss_guardrail_exceeded
Completed canonical single-node training run: loss=0.096771 policy_loss=0.015596 value_loss=0.006360 entropy=0.942861
