device=cuda foci=['policy_000020', 'policy_000021'] opponents=8 paired=16
{"ci_high": 1.0, "ci_low": 1.0, "draws": 0, "focal_policy_id": "policy_000020", "games": 32, "losses": 0, "mean": 1.0, "opponent_policy_id": "B0 RandomLegal", "paired_seeds": 16, "prob_gt_half": 1.0, "wins": 32}
{"ci_high": 0.8607785751519429, "ci_low": 0.6247669215643356, "draws": 0, "focal_policy_id": "policy_000020", "games": 32, "losses": 8, "mean": 0.75, "opponent_policy_id": "B1 NoLeague baseline", "paired_seeds": 16, "prob_gt_half": 1.0, "wins": 24}
{"ci_high": 0.9993104536160979, "ci_low": 0.8939106022403148, "draws": 0, "focal_policy_id": "policy_000020", "games": 32, "losses": 1, "mean": 0.96875, "opponent_policy_id": "B2 HeuristicPublic", "paired_seeds": 16, "prob_gt_half": 1.0, "wins": 31}
{"ci_high": 0.7060432518141224, "ci_low": 0.5246920268279799, "draws": 0, "focal_policy_id": "policy_000020", "games": 32, "losses": 13, "mean": 0.59375, "opponent_policy_id": "seed_2aaa98fc69_seed_ae46265326_seed_bafd7a640b_policy_000011", "paired_seeds": 16, "prob_gt_half": 1.0, "wins": 19}
{"ci_high": 0.6446687987236523, "ci_low": 0.42611818982372346, "draws": 0, "focal_policy_id": "policy_000020", "games": 32, "losses": 15, "mean": 0.53125, "opponent_policy_id": "seed_2aaa98fc69_seed_ae46265326_policy_000012", "paired_seeds": 16, "prob_gt_half": 0.708, "wins": 17}
{"ci_high": 0.5952416843581011, "ci_low": 0.40707641593901833, "draws": 0, "focal_policy_id": "policy_000020", "games": 32, "losses": 16, "mean": 0.5, "opponent_policy_id": "seed_2aaa98fc69_seed_ae46265326_policy_000014", "paired_seeds": 16, "prob_gt_half": 0.512, "wins": 16}
{"ci_high": 0.6579732661227014, "ci_low": 0.5093269032687556, "draws": 0, "focal_policy_id": "policy_000020", "games": 32, "losses": 14, "mean": 0.5625, "opponent_policy_id": "seed_2aaa98fc69_seed_ae46265326_policy_000015", "paired_seeds": 16, "prob_gt_half": 1.0, "wins": 18}
{"ci_high": 0.6920058627686378, "ci_low": 0.44521709098068235, "draws": 0, "focal_policy_id": "policy_000020", "games": 32, "losses": 14, "mean": 0.5625, "opponent_policy_id": "seed_2aaa98fc69_seed_ae46265326_policy_000016", "paired_seeds": 16, "prob_gt_half": 0.868, "wins": 18}
{"ci_high": 1.0, "ci_low": 1.0, "draws": 0, "focal_policy_id": "policy_000021", "games": 32, "losses": 0, "mean": 1.0, "opponent_policy_id": "B0 RandomLegal", "paired_seeds": 16, "prob_gt_half": 1.0, "wins": 32}
{"ci_high": 0.9214756567599176, "ci_low": 0.692474822803181, "draws": 0, "focal_policy_id": "policy_000021", "games": 32, "losses": 6, "mean": 0.8125, "opponent_policy_id": "B1 NoLeague baseline", "paired_seeds": 16, "prob_gt_half": 1.0, "wins": 26}
{"ci_high": 1.0, "ci_low": 1.0, "draws": 0, "focal_policy_id": "policy_000021", "games": 32, "losses": 0, "mean": 1.0, "opponent_policy_id": "B2 HeuristicPublic", "paired_seeds": 16, "prob_gt_half": 1.0, "wins": 32}
{"ci_high": 0.6542829908404857, "ci_low": 0.5096447364620249, "draws": 0, "focal_policy_id": "policy_000021", "games": 32, "losses": 14, "mean": 0.5625, "opponent_policy_id": "seed_2aaa98fc69_seed_ae46265326_seed_bafd7a640b_policy_000011", "paired_seeds": 16, "prob_gt_half": 1.0, "wins": 18}
{"ci_high": 0.612509399881093, "ci_low": 0.5006922331277475, "draws": 0, "focal_policy_id": "policy_000021", "games": 32, "losses": 15, "mean": 0.53125, "opponent_policy_id": "seed_2aaa98fc69_seed_ae46265326_policy_000012", "paired_seeds": 16, "prob_gt_half": 1.0, "wins": 17}
{"ci_high": 0.6578419872556792, "ci_low": 0.5090609108694081, "draws": 0, "focal_policy_id": "policy_000021", "games": 32, "losses": 14, "mean": 0.5625, "opponent_policy_id": "seed_2aaa98fc69_seed_ae46265326_policy_000014", "paired_seeds": 16, "prob_gt_half": 1.0, "wins": 18}
{"ci_high": 0.6050130228859149, "ci_low": 0.5009288962455342, "draws": 0, "focal_policy_id": "policy_000021", "games": 32, "losses": 15, "mean": 0.53125, "opponent_policy_id": "seed_2aaa98fc69_seed_ae46265326_policy_000015", "paired_seeds": 16, "prob_gt_half": 1.0, "wins": 17}
{"ci_high": 0.6770967481268951, "ci_low": 0.4437342021451192, "draws": 0, "focal_policy_id": "policy_000021", "games": 32, "losses": 14, "mean": 0.5625, "opponent_policy_id": "seed_2aaa98fc69_seed_ae46265326_policy_000016", "paired_seeds": 16, "prob_gt_half": 0.867, "wins": 18}
Traceback (most recent call last):
  File "<stdin>", line 48, in <module>
NameError: name 'targeted_confirm_summary' is not defined
