================================================================================
STARTUP CONTRACT
================================================================================
spec_hash:              a62917cf4825a9dfa3b3ca23c43bb29f6a4abaed0098140192ab326e12ae2319
config_hash:            21f09006ce1cf04fe3818a54ffb7fd4b6daa9e3e084d8b9a2278fc1630503e6b
computed_run_id64:      3deb8130540d4592
computed_run_id256:     92450d543081eb3dfdf8eecab90f8e10a82abf007992e817e2d507f10a71c334
run_label:              main_champion_hardneg_from_interp_a375_stratifiedwinnerrepair_overlap_guarded_u6_20260519_seg01
run_dir_name:           main_champion_hardneg_from_interp_a375_stratifiedwinnerrepair_overlap_guarded_u6_20260519_seg01
spec_mismatch_policy:   hard_fail
================================================================================
Verified runtime spec bundle: compat=8590000130 sha256=a62917cf4825a9dfa3b3ca23c43bb29f6a4abaed0098140192ab326e12ae2319
Loaded stack config with 0 components
Wrote manifest: C:\Users\Bruger\Desktop\this one\weiss_schwarz_rl\runs\main_champion_hardneg_from_interp_a375_stratifiedwinnerrepair_overlap_guarded_u6_20260519_seg01\manifest.json
Structured profiling enabled: profile_timers=True torch_profiler=False structured_metrics_mode=sampled teacher_aux_mode=always fixed_opponent_backend=simulator_native
Initialized learner weights: checkpoint=C:\Users\Bruger\Desktop\this one\weiss_schwarz_rl\runs\main_champion_hardneg_interp_a015_extensionrepair_seg01_p5_a375_20260518\training\checkpoints\checkpoint_interpolated.pt source_update=5 source_init_schedule_offset=190 source_policy_version=5
Imported promotion anchor: anchor=B1 NoLeague baseline policy_id=b1_noleague_baseline source_run_dir=C:\Users\Bruger\Desktop\this one\weiss_schwarz_rl\runs\guarded_recontinue2_from_selected_u15_anchor_nopublic_u20_20260516_seg01
Imported seeded snapshot pool: count=15 source_run_dir=C:/Users/Bruger/Desktop/this one/weiss_schwarz_rl/runs/main_champion_hardneg_from_selected_retention_b4guard_u5x3_20260518_seg01
Saved checkpoint metadata: C:\Users\Bruger\Desktop\this one\weiss_schwarz_rl\runs\main_champion_hardneg_from_interp_a375_stratifiedwinnerrepair_overlap_guarded_u6_20260519_seg01\training\checkpoints\checkpoint_metadata_2.json
Promotion gate failed: update=2 candidate=policy_000001 reasons=anchor_loss_guardrail_exceeded,anchor_loss_guardrail_exceeded
Saved checkpoint metadata: C:\Users\Bruger\Desktop\this one\weiss_schwarz_rl\runs\main_champion_hardneg_from_interp_a375_stratifiedwinnerrepair_overlap_guarded_u6_20260519_seg01\training\checkpoints\checkpoint_metadata_4.json
Promotion gate failed: update=4 candidate=policy_000002 reasons=anchor_loss_guardrail_exceeded,anchor_loss_guardrail_exceeded
Saved checkpoint metadata: C:\Users\Bruger\Desktop\this one\weiss_schwarz_rl\runs\main_champion_hardneg_from_interp_a375_stratifiedwinnerrepair_overlap_guarded_u6_20260519_seg01\training\checkpoints\checkpoint_metadata_6.json
Promotion gate failed: update=6 candidate=policy_000003 reasons=anchor_loss_guardrail_exceeded,anchor_loss_guardrail_exceeded
Completed canonical single-node training run: loss=0.194856 policy_loss=0.030856 value_loss=0.104432 entropy=0.806516
diagnostics\main_champion_hardneg_from_interp_a375_stratifiedwinnerrepair_overlap_guarded_u6_20260519_seg01_candidate_preconfirm.json
targeted confirm start: focal=policy_000001 rows=13 paired_seeds=128 workers=1
done 1/13 policy_000001 vs B0 RandomLegal mean=1.0 wins=256/256
done 2/13 policy_000001 vs B1 NoLeague baseline mean=0.62109375 wins=159/256
done 3/13 policy_000001 vs B2 HeuristicPublic mean=0.79296875 wins=203/256
done 4/13 policy_000001 vs B3 HeuristicPublicAggro mean=0.7421875 wins=190/256
done 5/13 policy_000001 vs B4 HeuristicPublicControl mean=0.71875 wins=184/256
done 6/13 policy_000001 vs seed_b8c698d26a_seed_c3aac2f9dc_policy_000001 mean=0.66015625 wins=169/256
done 7/13 policy_000001 vs seed_b8c698d26a_seed_c3aac2f9dc_policy_000002 mean=0.57421875 wins=147/256
done 8/13 policy_000001 vs seed_b8c698d26a_seed_c3aac2f9dc_checkpoint_000025 mean=0.578125 wins=148/256
done 9/13 policy_000001 vs seed_b8c698d26a_seed_c3aac2f9dc_main_bestresponse_u25_devbest mean=0.578125 wins=148/256
done 10/13 policy_000001 vs seed_b8c698d26a_seed_c3aac2f9dc_main_league_selected mean=0.55078125 wins=141/256
done 11/13 policy_000001 vs seed_b8c698d26a_seed_c3aac2f9dc_policy_000003 mean=0.55078125 wins=141/256
done 12/13 policy_000001 vs seed_b8c698d26a_seed_c3aac2f9dc_policy_000004 mean=0.5625 wins=144/256
done 13/13 policy_000001 vs seed_b8c698d26a_seed_c3aac2f9dc_policy_000005 mean=0.56640625 wins=145/256
summary runs\main_champion_hardneg_from_interp_a375_stratifiedwinnerrepair_overlap_guarded_u6_20260519_seg01\eval\guard_confirm128_policy_000001\targeted_confirm128_summary.json
{"games": 3328, "mean": 0.6535456730769231, "wins": 2175}
targeted confirm start: focal=policy_000002 rows=13 paired_seeds=128 workers=1
done 1/13 policy_000002 vs B0 RandomLegal mean=1.0 wins=256/256
done 2/13 policy_000002 vs B1 NoLeague baseline mean=0.61328125 wins=157/256
done 3/13 policy_000002 vs B2 HeuristicPublic mean=0.796875 wins=204/256
done 4/13 policy_000002 vs B3 HeuristicPublicAggro mean=0.74609375 wins=191/256
done 5/13 policy_000002 vs B4 HeuristicPublicControl mean=0.72265625 wins=185/256
done 6/13 policy_000002 vs seed_b8c698d26a_seed_c3aac2f9dc_policy_000001 mean=0.6484375 wins=166/256
done 7/13 policy_000002 vs seed_b8c698d26a_seed_c3aac2f9dc_policy_000002 mean=0.5703125 wins=146/256
done 8/13 policy_000002 vs seed_b8c698d26a_seed_c3aac2f9dc_checkpoint_000025 mean=0.5703125 wins=146/256
done 9/13 policy_000002 vs seed_b8c698d26a_seed_c3aac2f9dc_main_bestresponse_u25_devbest mean=0.5703125 wins=146/256
done 10/13 policy_000002 vs seed_b8c698d26a_seed_c3aac2f9dc_main_league_selected mean=0.54296875 wins=139/256
done 11/13 policy_000002 vs seed_b8c698d26a_seed_c3aac2f9dc_policy_000003 mean=0.54296875 wins=139/256
done 12/13 policy_000002 vs seed_b8c698d26a_seed_c3aac2f9dc_policy_000004 mean=0.5546875 wins=142/256
done 13/13 policy_000002 vs seed_b8c698d26a_seed_c3aac2f9dc_policy_000005 mean=0.55859375 wins=143/256
summary runs\main_champion_hardneg_from_interp_a375_stratifiedwinnerrepair_overlap_guarded_u6_20260519_seg01\eval\guard_confirm128_policy_000002\targeted_confirm128_summary.json
{"games": 3328, "mean": 0.6490384615384616, "wins": 2160}
targeted confirm start: focal=policy_000003 rows=13 paired_seeds=128 workers=1
done 1/13 policy_000003 vs B0 RandomLegal mean=1.0 wins=256/256
done 2/13 policy_000003 vs B1 NoLeague baseline mean=0.6171875 wins=158/256
done 3/13 policy_000003 vs B2 HeuristicPublic mean=0.79296875 wins=203/256
done 4/13 policy_000003 vs B3 HeuristicPublicAggro mean=0.74609375 wins=191/256
done 5/13 policy_000003 vs B4 HeuristicPublicControl mean=0.71875 wins=184/256
done 6/13 policy_000003 vs seed_b8c698d26a_seed_c3aac2f9dc_policy_000001 mean=0.64453125 wins=165/256
done 7/13 policy_000003 vs seed_b8c698d26a_seed_c3aac2f9dc_policy_000002 mean=0.56640625 wins=145/256
done 8/13 policy_000003 vs seed_b8c698d26a_seed_c3aac2f9dc_checkpoint_000025 mean=0.5625 wins=144/256
done 9/13 policy_000003 vs seed_b8c698d26a_seed_c3aac2f9dc_main_bestresponse_u25_devbest mean=0.5625 wins=144/256
done 10/13 policy_000003 vs seed_b8c698d26a_seed_c3aac2f9dc_main_league_selected mean=0.54296875 wins=139/256
done 11/13 policy_000003 vs seed_b8c698d26a_seed_c3aac2f9dc_policy_000003 mean=0.54296875 wins=139/256
done 12/13 policy_000003 vs seed_b8c698d26a_seed_c3aac2f9dc_policy_000004 mean=0.55859375 wins=143/256
done 13/13 policy_000003 vs seed_b8c698d26a_seed_c3aac2f9dc_policy_000005 mean=0.546875 wins=140/256
summary runs\main_champion_hardneg_from_interp_a375_stratifiedwinnerrepair_overlap_guarded_u6_20260519_seg01\eval\guard_confirm128_policy_000003\targeted_confirm128_summary.json
{"games": 3328, "mean": 0.6463341346153846, "wins": 2151}
diagnostics\main_champion_hardneg_from_interp_a375_stratifiedwinnerrepair_overlap_guarded_u6_20260519_seg01_candidate_selection.json
{"status": "stopped_guard_failed", "summary_path": "C:/Users/Bruger/Desktop/this one/weiss_schwarz_rl/diagnostics/main_champion_hardneg_from_interp_a375_stratifiedwinnerrepair_overlap_guarded_u6_20260519_guarded_league_bootstrap_summary.json"}
