usage: guarded_league_bootstrap.py [-h] --init-from-checkpoint
                                   INIT_FROM_CHECKPOINT
                                   --seed-snapshot-run-dir
                                   SEED_SNAPSHOT_RUN_DIR
                                   [--b1-baseline-run-dir B1_BASELINE_RUN_DIR]
                                   [--run-prefix RUN_PREFIX]
                                   [--stack-config STACK_CONFIG]
                                   [--segments SEGMENTS]
                                   [--segment-updates SEGMENT_UPDATES]
                                   [--first-init-schedule-offset-updates FIRST_INIT_SCHEDULE_OFFSET_UPDATES]
                                   [--num-envs NUM_ENVS]
                                   [--unroll-length UNROLL_LENGTH]
                                   [--runtime-mode RUNTIME_MODE]
                                   [--profile PROFILE] [--device DEVICE]
                                   [--checkpoint-interval-updates CHECKPOINT_INTERVAL_UPDATES]
                                   [--collection-backend COLLECTION_BACKEND]
                                   [--override OVERRIDE]
                                   [--use-stack-seed-snapshot-policy]
                                   [--no-profile-timers]
                                   [--confirm-paired-seeds CONFIRM_PAIRED_SEEDS]
                                   [--publish-min-confirm-paired-seeds PUBLISH_MIN_CONFIRM_PAIRED_SEEDS]
                                   [--bootstrap-samples BOOTSTRAP_SAMPLES]
                                   [--required-anchor REQUIRED_ANCHOR]
                                   [--confirm-opponent CONFIRM_OPPONENT]
                                   [--min-required-anchor-score MIN_REQUIRED_ANCHOR_SCORE]
                                   [--reference-summary-json REFERENCE_SUMMARY_JSON]
                                   [--reference-label REFERENCE_LABEL]
                                   [--max-reference-drop MAX_REFERENCE_DROP]
                                   [--selected-alias-policy-id SELECTED_ALIAS_POLICY_ID]
                                   [--continue-unpublished-confirmed]
                                   [--dry-run]
guarded_league_bootstrap.py: error: unrecognized arguments: RandomLegal NoLeague baseline HeuristicPublic HeuristicPublicAggro HeuristicPublicControl RandomLegal NoLeague baseline HeuristicPublic HeuristicPublicAggro HeuristicPublicControl
