================================================================================
STARTUP CONTRACT
================================================================================
spec_hash:              a62917cf4825a9dfa3b3ca23c43bb29f6a4abaed0098140192ab326e12ae2319
config_hash:            cd053bad208d21ff4169712d09110980b875a2bbffcca9e17d063ae6f3700db4
computed_run_id64:      a4c1632db563bf6c
computed_run_id256:     6cbf63b52d63c1a44226e88145fb9379dfbc004d17e3ecf73bf01e9ef936384a
run_label:              main_champion_hardneg_grouped_fixedwin_from_groupedu2_u2_confirm16_20260519_seg01
run_dir_name:           main_champion_hardneg_grouped_fixedwin_from_groupedu2_u2_confirm16_20260519_seg01
spec_mismatch_policy:   hard_fail
================================================================================
Verified runtime spec bundle: compat=8590000130 sha256=a62917cf4825a9dfa3b3ca23c43bb29f6a4abaed0098140192ab326e12ae2319
Loaded stack config with 0 components
Wrote manifest: C:\Users\Bruger\Desktop\this one\weiss_schwarz_rl\runs\main_champion_hardneg_grouped_fixedwin_from_groupedu2_u2_confirm16_20260519_seg01\manifest.json
Structured profiling enabled: profile_timers=True torch_profiler=False structured_metrics_mode=sampled teacher_aux_mode=always fixed_opponent_backend=simulator_native
Initialized learner weights: checkpoint=C:\Users\Bruger\Desktop\this one\weiss_schwarz_rl\runs\main_champion_hardneg_groupedrepair_from_b1b3u2_u2_confirm16_20260519_seg01\training\checkpoints\checkpoint_2.pt source_update=2 source_init_schedule_offset=16 source_policy_version=2
Overrode init-from-checkpoint guidance schedule offset: init_schedule_offset_updates=18
Imported promotion anchor: anchor=B1 NoLeague baseline policy_id=b1_noleague_baseline source_run_dir=C:\Users\Bruger\Desktop\this one\weiss_schwarz_rl\runs\guarded_recontinue2_from_selected_u15_anchor_nopublic_u20_20260516_seg01
Imported seeded snapshot pool: count=15 source_run_dir=C:/Users/Bruger/Desktop/this one/weiss_schwarz_rl/runs/main_champion_hardneg_from_selected_retention_b4guard_u5x3_20260518_seg01
Saved checkpoint metadata: C:\Users\Bruger\Desktop\this one\weiss_schwarz_rl\runs\main_champion_hardneg_grouped_fixedwin_from_groupedu2_u2_confirm16_20260519_seg01\training\checkpoints\checkpoint_metadata_1.json
Promotion gate skipped during league warmup: update=1 effective_update=0 threshold=1 candidate=policy_000001
Saved checkpoint metadata: C:\Users\Bruger\Desktop\this one\weiss_schwarz_rl\runs\main_champion_hardneg_grouped_fixedwin_from_groupedu2_u2_confirm16_20260519_seg01\training\checkpoints\checkpoint_metadata_2.json
Promotion gate failed: update=2 candidate=policy_000002 reasons=anchor_loss_guardrail_exceeded
Completed canonical single-node training run: loss=0.172911 policy_loss=0.018546 value_loss=0.076822 entropy=0.800183
diagnostics\main_champion_hardneg_grouped_fixedwin_from_groupedu2_u2_confirm16_20260519_seg01_candidate_preconfirm.json
targeted confirm start: focal=policy_000002 rows=13 paired_seeds=16 workers=1
done 1/13 policy_000002 vs B0 RandomLegal mean=1.0 wins=32/32
done 2/13 policy_000002 vs B1 NoLeague baseline mean=0.65625 wins=21/32
done 3/13 policy_000002 vs B2 HeuristicPublic mean=0.75 wins=24/32
done 4/13 policy_000002 vs B3 HeuristicPublicAggro mean=0.75 wins=24/32
done 5/13 policy_000002 vs B4 HeuristicPublicControl mean=0.75 wins=24/32
done 6/13 policy_000002 vs seed_b8c698d26a_seed_c3aac2f9dc_policy_000001 mean=0.625 wins=20/32
done 7/13 policy_000002 vs seed_b8c698d26a_seed_c3aac2f9dc_policy_000002 mean=0.6875 wins=22/32
done 8/13 policy_000002 vs seed_b8c698d26a_seed_c3aac2f9dc_checkpoint_000025 mean=0.65625 wins=21/32
done 9/13 policy_000002 vs seed_b8c698d26a_seed_c3aac2f9dc_main_bestresponse_u25_devbest mean=0.65625 wins=21/32
done 10/13 policy_000002 vs seed_b8c698d26a_seed_c3aac2f9dc_main_league_selected mean=0.6875 wins=22/32
done 11/13 policy_000002 vs seed_b8c698d26a_seed_c3aac2f9dc_policy_000003 mean=0.6875 wins=22/32
done 12/13 policy_000002 vs seed_b8c698d26a_seed_c3aac2f9dc_policy_000004 mean=0.625 wins=20/32
done 13/13 policy_000002 vs seed_b8c698d26a_seed_c3aac2f9dc_policy_000005 mean=0.71875 wins=23/32
summary runs\main_champion_hardneg_grouped_fixedwin_from_groupedu2_u2_confirm16_20260519_seg01\eval\guard_confirm16_policy_000002\targeted_confirm16_summary.json
{"games": 416, "mean": 0.7115384615384616, "wins": 296}
diagnostics\main_champion_hardneg_grouped_fixedwin_from_groupedu2_u2_confirm16_20260519_seg01_candidate_selection.json
{"status": "completed_unpublished_confirmation_insufficient", "summary_path": "C:/Users/Bruger/Desktop/this one/weiss_schwarz_rl/diagnostics/main_champion_hardneg_grouped_fixedwin_from_groupedu2_u2_confirm16_20260519_guarded_league_bootstrap_summary.json"}
