================================================================================
STARTUP CONTRACT
================================================================================
spec_hash:              a62917cf4825a9dfa3b3ca23c43bb29f6a4abaed0098140192ab326e12ae2319
config_hash:            c3b38fb994a6971f96d1d39f4363600750eef5cf7f0c2c3e860e892db7537e99
computed_run_id64:      92e64fc564b63954
computed_run_id256:     5439b664c54fe692f4eaa5f8013e16be3c70ac54c8aef39059031987997ca284
run_label:              main_champion_hardneg_a075_context_trainable_selectedpreserve_u2_confirm64_20260520_seg01
run_dir_name:           main_champion_hardneg_a075_context_trainable_selectedpreserve_u2_confirm64_20260520_seg01
spec_mismatch_policy:   hard_fail
================================================================================
Verified runtime spec bundle: compat=8590000130 sha256=a62917cf4825a9dfa3b3ca23c43bb29f6a4abaed0098140192ab326e12ae2319
Loaded stack config with 0 components
Wrote manifest: C:\Users\Bruger\Desktop\this one\weiss_schwarz_rl\runs\main_champion_hardneg_a075_context_trainable_selectedpreserve_u2_confirm64_20260520_seg01\manifest.json
Structured profiling enabled: profile_timers=True torch_profiler=False structured_metrics_mode=sampled teacher_aux_mode=always fixed_opponent_backend=simulator_native
Initialized learner weights: checkpoint=C:\Users\Bruger\Desktop\this one\weiss_schwarz_rl\runs\main_champion_hardneg_a075_context_trainable_conflict_u1_confirm64_20260520_seg01\training\checkpoints\checkpoint_1.pt source_update=1 source_init_schedule_offset=0 source_policy_version=1
Overrode init-from-checkpoint guidance schedule offset: init_schedule_offset_updates=0
Imported promotion anchor: anchor=B1 NoLeague baseline policy_id=b1_noleague_baseline source_run_dir=C:\Users\Bruger\Desktop\this one\weiss_schwarz_rl\runs\guarded_recontinue2_from_selected_u15_anchor_nopublic_u20_20260516_seg01
Imported seeded snapshot pool: count=8 source_run_dir=C:/Users/Bruger/Desktop/this one/weiss_schwarz_rl/runs/main_champion_hardneg_from_selected_retention_b4guard_u5x3_20260518_seg01 source_registry=C:/Users/Bruger/Desktop/this one/weiss_schwarz_rl/runs/main_champion_hardneg_from_selected_retention_b4guard_u5x3_20260518_seg01/training/snapshots/registry.json
Saved checkpoint metadata: C:\Users\Bruger\Desktop\this one\weiss_schwarz_rl\runs\main_champion_hardneg_a075_context_trainable_selectedpreserve_u2_confirm64_20260520_seg01\training\checkpoints\checkpoint_metadata_1.json
Promotion gate failed: update=1 candidate=policy_000001 reasons=anchor_loss_guardrail_exceeded,anchor_loss_guardrail_exceeded
Completed canonical single-node training run: loss=0.237381 policy_loss=0.022303 value_loss=0.098352 entropy=0.807752
diagnostics\main_champion_hardneg_a075_context_trainable_selectedpreserve_u2_confirm64_20260520_seg01_candidate_preconfirm.json
targeted confirm start: focal=policy_000001 rows=13 paired_seeds=64 workers=1
done 1/13 policy_000001 vs B0 RandomLegal mean=1.0 wins=128/128
done 2/13 policy_000001 vs B1 NoLeague baseline mean=0.640625 wins=82/128
done 3/13 policy_000001 vs B2 HeuristicPublic mean=0.7890625 wins=101/128
done 4/13 policy_000001 vs B3 HeuristicPublicAggro mean=0.7109375 wins=91/128
done 5/13 policy_000001 vs B4 HeuristicPublicControl mean=0.71875 wins=92/128
done 6/13 policy_000001 vs seed_eaa9de289d_seed_b8c698d26a_seed_c3aac2f9dc_policy_000001 mean=0.671875 wins=86/128
done 7/13 policy_000001 vs seed_eaa9de289d_seed_b8c698d26a_seed_c3aac2f9dc_policy_000002 mean=0.6328125 wins=81/128
done 8/13 policy_000001 vs seed_eaa9de289d_seed_b8c698d26a_seed_c3aac2f9dc_checkpoint_000025 mean=0.59375 wins=76/128
done 9/13 policy_000001 vs seed_eaa9de289d_seed_b8c698d26a_seed_c3aac2f9dc_main_bestresponse_u25_devbest mean=0.59375 wins=76/128
done 10/13 policy_000001 vs seed_eaa9de289d_seed_b8c698d26a_seed_c3aac2f9dc_main_league_selected mean=0.546875 wins=70/128
done 11/13 policy_000001 vs seed_eaa9de289d_seed_b8c698d26a_seed_c3aac2f9dc_policy_000003 mean=0.546875 wins=70/128
done 12/13 policy_000001 vs seed_eaa9de289d_seed_b8c698d26a_seed_c3aac2f9dc_policy_000004 mean=0.546875 wins=70/128
done 13/13 policy_000001 vs seed_eaa9de289d_seed_b8c698d26a_seed_c3aac2f9dc_policy_000005 mean=0.6015625 wins=77/128
summary runs\main_champion_hardneg_a075_context_trainable_selectedpreserve_u2_confirm64_20260520_seg01\eval\guard_confirm64_policy_000001\targeted_confirm64_summary.json
{"games": 1664, "mean": 0.6610576923076923, "wins": 1100}
diagnostics\main_champion_hardneg_a075_context_trainable_selectedpreserve_u2_confirm64_20260520_seg01_candidate_selection.json
{"status": "stopped_guard_failed", "summary_path": "C:/Users/Bruger/Desktop/this one/weiss_schwarz_rl/diagnostics/main_champion_hardneg_a075_context_trainable_selectedpreserve_u2_confirm64_20260520_guarded_league_bootstrap_summary.json"}
