================================================================================
STARTUP CONTRACT
================================================================================
spec_hash:              a62917cf4825a9dfa3b3ca23c43bb29f6a4abaed0098140192ab326e12ae2319
config_hash:            925f8fd351c2c1b75e7df77fdc4ba35700c5cd9f5b8ac45d079b667784fff14c
computed_run_id64:      baf2c3dbe2a84333
computed_run_id256:     3343a8e2dbc3f2bac515b952a027345070777b2f0d9fde498f683d4690b397e2
run_label:              main_champion_hardneg_a075_context_u1_confirm64_20260520_retry_seg01
run_dir_name:           main_champion_hardneg_a075_context_u1_confirm64_20260520_retry_seg01
spec_mismatch_policy:   hard_fail
================================================================================
Verified runtime spec bundle: compat=8590000130 sha256=a62917cf4825a9dfa3b3ca23c43bb29f6a4abaed0098140192ab326e12ae2319
Loaded stack config with 0 components
Wrote manifest: C:\Users\Bruger\Desktop\this one\weiss_schwarz_rl\runs\main_champion_hardneg_a075_context_u1_confirm64_20260520_retry_seg01\manifest.json
Structured profiling enabled: profile_timers=True torch_profiler=False structured_metrics_mode=sampled teacher_aux_mode=always fixed_opponent_backend=simulator_native
Initialized learner weights: checkpoint=C:\Users\Bruger\Desktop\this one\weiss_schwarz_rl\runs\main_champion_hardneg_interp_a025_b2pair70_u1_a075_20260520\training\checkpoints\checkpoint_interpolated.pt source_update=1 source_init_schedule_offset=194 source_policy_version=1
Overrode init-from-checkpoint guidance schedule offset: init_schedule_offset_updates=0
Imported promotion anchor: anchor=B1 NoLeague baseline policy_id=b1_noleague_baseline source_run_dir=C:\Users\Bruger\Desktop\this one\weiss_schwarz_rl\runs\guarded_recontinue2_from_selected_u15_anchor_nopublic_u20_20260516_seg01
Imported seeded snapshot pool: count=1 source_run_dir=C:/Users/Bruger/Desktop/this one/weiss_schwarz_rl/runs/main_champion_hardneg_interp_a025_b2pair70_u1_a075_20260520 source_registry=C:/Users/Bruger/Desktop/this one/weiss_schwarz_rl/runs/main_champion_hardneg_interp_a025_b2pair70_u1_a075_20260520/training/snapshots/registry.json
Saved checkpoint metadata: C:\Users\Bruger\Desktop\this one\weiss_schwarz_rl\runs\main_champion_hardneg_a075_context_u1_confirm64_20260520_retry_seg01\training\checkpoints\checkpoint_metadata_1.json
Promotion gate failed: update=1 candidate=policy_000001 reasons=anchor_loss_guardrail_exceeded
Completed canonical single-node training run: loss=0.142001 policy_loss=0.021370 value_loss=0.100994 entropy=0.807373
diagnostics\main_champion_hardneg_a075_context_u1_confirm64_20260520_retry_seg01_candidate_preconfirm.json
targeted confirm start: focal=policy_000001 rows=13 paired_seeds=64 workers=1
done 1/13 policy_000001 vs B0 RandomLegal mean=1.0 wins=128/128
done 2/13 policy_000001 vs B1 NoLeague baseline mean=0.640625 wins=82/128
done 3/13 policy_000001 vs B2 HeuristicPublic mean=0.7890625 wins=101/128
done 4/13 policy_000001 vs B3 HeuristicPublicAggro mean=0.7109375 wins=91/128
done 5/13 policy_000001 vs B4 HeuristicPublicControl mean=0.71875 wins=92/128
