================================================================================
STARTUP CONTRACT
================================================================================
spec_hash:              617b38051c728b667b870d357555672215d93552c816a07ffbb31f4f9945c51a
config_hash:            ae50b06a6a8d107a6013ade8f465624e5235848f6db7cd5a88268c787f3ceade
computed_run_id64:      8d2a3710e8ca28ea
computed_run_id256:     ea28cae810372a8d329d96aa7fd913074c7b745dcc97458b3be60c202417b610
run_label:              main_thesis_exp034_legacy_oldleague_env8_u4_u340_to800_20260506
run_dir_name:           main_thesis_exp034_legacy_oldleague_env8_u4_u340_to800_20260506
spec_mismatch_policy:   hard_fail
================================================================================
Verified runtime spec bundle: compat=8590000130 sha256=617b38051c728b667b870d357555672215d93552c816a07ffbb31f4f9945c51a
Loaded stack config with 0 components
Wrote manifest: /root/wsrl-exp034-legacy/weiss_schwarz_rl/runs/main_thesis_exp034_legacy_oldleague_env8_u4_u340_to800_20260506/manifest.json
Structured profiling enabled: profile_timers=True torch_profiler=False structured_metrics_mode=sampled teacher_aux_mode=always fixed_opponent_backend=simulator_native
Resumed learner state: checkpoint=/root/wsrl-exp034-legacy/weiss_schwarz_rl/runs/exp034_legacy_oldleague_env8_u4_cont_u320_to340_20260506/training/checkpoints/checkpoint_340.pt update=340 policy_version=17
Imported promotion anchor: anchor=B1 NoLeague baseline policy_id=b1_noleague_baseline source_run_dir=/root/weiss_schwarz_rl/runs/exp-002-current-spec-b1-noleague-baseline
Imported seeded snapshot pool: count=17 source_run_dir=/root/wsrl-exp034-legacy/weiss_schwarz_rl/runs/exp034_legacy_oldleague_env8_u4_cont_u320_to340_20260506
Periodic dev eval: update=350 opponent=b0_randomlegal aggregate=0.9583 anchors=B0 RandomLegal,B1 NoLeague baseline,B2 HeuristicPublic
Saved checkpoint metadata: /root/wsrl-exp034-legacy/weiss_schwarz_rl/runs/main_thesis_exp034_legacy_oldleague_env8_u4_u340_to800_20260506/training/checkpoints/checkpoint_metadata_360.json
Traceback (most recent call last):
  File "/root/wsrl-exp034-legacy/weiss_schwarz_rl/python/scripts/train.py", line 4725, in <module>
    main()
  File "/root/wsrl-exp034-legacy/weiss_schwarz_rl/python/scripts/train.py", line 4691, in main
    metrics = _run_minimal_training(
              ^^^^^^^^^^^^^^^^^^^^^^
  File "/root/wsrl-exp034-legacy/weiss_schwarz_rl/python/scripts/train.py", line 4156, in _run_minimal_training
    promotion_passed = _run_snapshot_promotion_gate(
                       ^^^^^^^^^^^^^^^^^^^^^^^^^^^^^
  File "/root/wsrl-exp034-legacy/weiss_schwarz_rl/python/scripts/train.py", line 3869, in _run_snapshot_promotion_gate
    result = run_promotion_gate(
             ^^^^^^^^^^^^^^^^^^^
  File "/root/wsrl-exp034-legacy/weiss_schwarz_rl/python/weiss_rl/league/promotion_gate.py", line 179, in run_promotion_gate
    _validate_seed_count(paired_seeds, expected=league.promotion_gate_paired_seeds, seed_file=seed_file)
  File "/root/wsrl-exp034-legacy/weiss_schwarz_rl/python/weiss_rl/league/promotion_gate.py", line 406, in _validate_seed_count
    raise ValueError(f"promotion gate expected {expected} paired seeds in {seed_file}, found {len(paired_seeds)}")
ValueError: promotion gate expected 8 paired seeds in /root/wsrl-exp034-legacy/weiss_schwarz_rl/configs/seeds/local_promotion_eval_seeds.txt, found 32
