B1 NoLeague baseline vs B1 NoLeague baseline: mean=0.5 wins=56 losses=56 pair_classes={'2-0': 1, '1-1': 54, '0-2': 1, 'mixed': 0}
Traceback (most recent call last):
  File "/workspace/weiss_schwarz_rl/python/scripts/b1_counterfactual_labels.py", line 1864, in <module>
    main()
  File "/workspace/weiss_schwarz_rl/python/scripts/b1_counterfactual_labels.py", line 1510, in main
    forced_episode, counters = _run_forced_episode_in_process(
                               ^^^^^^^^^^^^^^^^^^^^^^^^^^^^^^^
  File "/workspace/weiss_schwarz_rl/python/scripts/b1_counterfactual_labels.py", line 497, in _run_forced_episode_in_process
    result = runner.run_game(scheduled_game)
             ^^^^^^^^^^^^^^^^^^^^^^^^^^^^^^^
  File "/workspace/weiss_schwarz_rl/python/scripts/b1_artifact_matrix.py", line 575, in run_game
    return super().run_game(scheduled_game)
           ^^^^^^^^^^^^^^^^^^^^^^^^^^^^^^^^
  File "/workspace/weiss_schwarz_rl/python/weiss_rl/eval/simulator_runner.py", line 509, in run_game
    action, next_hidden = self._select_action(
                          ^^^^^^^^^^^^^^^^^^^^
  File "/workspace/weiss_schwarz_rl/python/scripts/b1_artifact_matrix.py", line 838, in _select_action
    raw_logits, logits, next_seat_hidden, bias_report = self._forward_raw_and_final_logits(
                                                        ^^^^^^^^^^^^^^^^^^^^^^^^^^^^^^^^^^^
  File "/workspace/weiss_schwarz_rl/python/scripts/b1_artifact_matrix.py", line 634, in _forward_raw_and_final_logits
    final_logits, next_hidden = self._forward_model_logits(
                                ^^^^^^^^^^^^^^^^^^^^^^^^^^^
  File "/workspace/weiss_schwarz_rl/python/scripts/b1_artifact_matrix.py", line 593, in _forward_model_logits
    logits_tensor, _value_tensor, next_seat_hidden = policy.model.forward_seat_aware(
                                                     ^^^^^^^^^^^^^^^^^^^^^^^^^^^^^^^^
  File "/workspace/weiss_schwarz_rl/python/weiss_rl/model.py", line 728, in forward_seat_aware
    logits = self.policy_head(
             ^^^^^^^^^^^^^^^^^
  File "/workspace/weiss_schwarz_rl/.venv/lib/python3.11/site-packages/torch/nn/modules/module.py", line 1751, in _wrapped_call_impl
    return self._call_impl(*args, **kwargs)
           ^^^^^^^^^^^^^^^^^^^^^^^^^^^^^^^^
  File "/workspace/weiss_schwarz_rl/.venv/lib/python3.11/site-packages/torch/nn/modules/module.py", line 1762, in _call_impl
    return forward_call(*args, **kwargs)
           ^^^^^^^^^^^^^^^^^^^^^^^^^^^^^
  File "/workspace/weiss_schwarz_rl/python/weiss_rl/structured_action_head.py", line 717, in forward
    return self.score_legal_actions(
           ^^^^^^^^^^^^^^^^^^^^^^^^^
  File "/workspace/weiss_schwarz_rl/python/weiss_rl/structured_action_head.py", line 573, in score_legal_actions
    row_scores = self._score_candidates(
                 ^^^^^^^^^^^^^^^^^^^^^^^
  File "/workspace/weiss_schwarz_rl/python/weiss_rl/structured_action_head.py", line 2326, in _score_candidates
    _optional_embedding(self.slot_embedding, play_stage_slots).to(dtype=row_states.dtype),
    ^^^^^^^^^^^^^^^^^^^^^^^^^^^^^^^^^^^^^^^^^^^^^^^^^^^^^^^^^^
  File "/workspace/weiss_schwarz_rl/python/weiss_rl/structured_observation.py", line 146, in optional_embedding
    return embedding(safe_ids.to(dtype=torch.long))
           ^^^^^^^^^^^^^^^^^^^^^^^^^^^^^^^^^^^^^^^^
  File "/workspace/weiss_schwarz_rl/.venv/lib/python3.11/site-packages/torch/nn/modules/module.py", line 1751, in _wrapped_call_impl
    return self._call_impl(*args, **kwargs)
           ^^^^^^^^^^^^^^^^^^^^^^^^^^^^^^^^
  File "/workspace/weiss_schwarz_rl/.venv/lib/python3.11/site-packages/torch/nn/modules/module.py", line 1762, in _call_impl
    return forward_call(*args, **kwargs)
           ^^^^^^^^^^^^^^^^^^^^^^^^^^^^^
  File "/workspace/weiss_schwarz_rl/.venv/lib/python3.11/site-packages/torch/nn/modules/sparse.py", line 189, in forward
    def forward(self, input: Tensor) -> Tensor:

KeyboardInterrupt
